Archive member included because of file (symbol)

c:/program files (x86)/atollic/truestudio for arm 5.4.0/armtools/bin/../lib/gcc/arm-atollic-eabi/4.8.3/../../../../arm-atollic-eabi/lib/armv7e-m/fpu\libc.a(lib_a-init.o)
                              Drivers\CMSIS\Device\ST\STM32F4xx\Source\Templates\gcc\startup_stm32f407xx.o (__libc_init_array)
c:/program files (x86)/atollic/truestudio for arm 5.4.0/armtools/bin/../lib/gcc/arm-atollic-eabi/4.8.3/../../../../arm-atollic-eabi/lib/armv7e-m/fpu\libc.a(lib_a-memcpy-stub.o)
                              Middlewares\Third_Party\FreeRTOS\Source\queue.o (memcpy)
c:/program files (x86)/atollic/truestudio for arm 5.4.0/armtools/bin/../lib/gcc/arm-atollic-eabi/4.8.3/../../../../arm-atollic-eabi/lib/armv7e-m/fpu\libc.a(lib_a-memset.o)
                              Middlewares\Third_Party\FreeRTOS\Source\tasks.o (memset)

Allocating common symbols
Common symbol       size              file

defaultTaskHandle   0x4               Src\main.o
uwTick              0x4               Drivers\STM32F4xx_HAL_Driver\Src\stm32f4xx_hal.o
xQueueRegistry      0x40              Middlewares\Third_Party\FreeRTOS\Source\queue.o
pFlash              0x20              Drivers\STM32F4xx_HAL_Driver\Src\stm32f4xx_hal_flash.o
htim1               0x3c              Src\Commons\stm32f4xx_hal_timebase_TIM.o

Discarded input sections

 .text          0x00000000        0x0 c:/program files (x86)/atollic/truestudio for arm 5.4.0/armtools/bin/../lib/gcc/arm-atollic-eabi/4.8.3/armv7e-m/fpu/crti.o
 .data          0x00000000        0x0 c:/program files (x86)/atollic/truestudio for arm 5.4.0/armtools/bin/../lib/gcc/arm-atollic-eabi/4.8.3/armv7e-m/fpu/crti.o
 .bss           0x00000000        0x0 c:/program files (x86)/atollic/truestudio for arm 5.4.0/armtools/bin/../lib/gcc/arm-atollic-eabi/4.8.3/armv7e-m/fpu/crti.o
 .data          0x00000000        0x4 c:/program files (x86)/atollic/truestudio for arm 5.4.0/armtools/bin/../lib/gcc/arm-atollic-eabi/4.8.3/armv7e-m/fpu/crtbegin.o
 .text          0x00000000        0x0 Src\main.o
 .data          0x00000000        0x0 Src\main.o
 .bss           0x00000000        0x0 Src\main.o
 .text.Error_Handler
                0x00000000        0x2 Src\main.o
 .text          0x00000000        0x0 Src\Commons\stm32f4xx_it.o
 .data          0x00000000        0x0 Src\Commons\stm32f4xx_it.o
 .bss           0x00000000        0x0 Src\Commons\stm32f4xx_it.o
 .text          0x00000000        0x0 Src\Commons\stm32f4xx_hal_timebase_TIM.o
 .data          0x00000000        0x0 Src\Commons\stm32f4xx_hal_timebase_TIM.o
 .bss           0x00000000        0x0 Src\Commons\stm32f4xx_hal_timebase_TIM.o
 .text.HAL_SuspendTick
                0x00000000       0x14 Src\Commons\stm32f4xx_hal_timebase_TIM.o
 .text.HAL_ResumeTick
                0x00000000       0x14 Src\Commons\stm32f4xx_hal_timebase_TIM.o
 .bss.uwIncrementState
                0x00000000        0x4 Src\Commons\stm32f4xx_hal_timebase_TIM.o
 .text          0x00000000        0x0 Src\Commons\stm32f4xx_hal_msp.o
 .data          0x00000000        0x0 Src\Commons\stm32f4xx_hal_msp.o
 .bss           0x00000000        0x0 Src\Commons\stm32f4xx_hal_msp.o
 .text          0x00000000        0x0 Src\Commons\freertos.o
 .data          0x00000000        0x0 Src\Commons\freertos.o
 .bss           0x00000000        0x0 Src\Commons\freertos.o
 .debug_info    0x00000000       0x72 Src\Commons\freertos.o
 .debug_abbrev  0x00000000       0x26 Src\Commons\freertos.o
 .debug_aranges
                0x00000000       0x18 Src\Commons\freertos.o
 .debug_line    0x00000000       0x1d Src\Commons\freertos.o
 .debug_str     0x00000000      0x1ad Src\Commons\freertos.o
 .comment       0x00000000       0x83 Src\Commons\freertos.o
 .ARM.attributes
                0x00000000       0x39 Src\Commons\freertos.o
 .text          0x00000000        0x0 Middlewares\Third_Party\FreeRTOS\Source\timers.o
 .data          0x00000000        0x0 Middlewares\Third_Party\FreeRTOS\Source\timers.o
 .bss           0x00000000        0x0 Middlewares\Third_Party\FreeRTOS\Source\timers.o
 .debug_info    0x00000000       0x72 Middlewares\Third_Party\FreeRTOS\Source\timers.o
 .debug_abbrev  0x00000000       0x26 Middlewares\Third_Party\FreeRTOS\Source\timers.o
 .debug_aranges
                0x00000000       0x18 Middlewares\Third_Party\FreeRTOS\Source\timers.o
 .debug_line    0x00000000       0x1d Middlewares\Third_Party\FreeRTOS\Source\timers.o
 .debug_str     0x00000000      0x1c7 Middlewares\Third_Party\FreeRTOS\Source\timers.o
 .comment       0x00000000       0x83 Middlewares\Third_Party\FreeRTOS\Source\timers.o
 .ARM.attributes
                0x00000000       0x39 Middlewares\Third_Party\FreeRTOS\Source\timers.o
 .text          0x00000000        0x0 Middlewares\Third_Party\FreeRTOS\Source\tasks.o
 .data          0x00000000        0x0 Middlewares\Third_Party\FreeRTOS\Source\tasks.o
 .bss           0x00000000        0x0 Middlewares\Third_Party\FreeRTOS\Source\tasks.o
[...]
Memory Configuration

Name             Origin             Length             Attributes
FLASH            0x08000000         0x00100000         xr
RAM              0x20000000         0x00020000         xrw
CCMRAM           0x10000000         0x00010000         rw
*default*        0x00000000         0xffffffff

Linker script and memory map

LOAD c:/program files (x86)/atollic/truestudio for arm 5.4.0/armtools/bin/../lib/gcc/arm-atollic-eabi/4.8.3/armv7e-m/fpu/crti.o
LOAD c:/program files (x86)/atollic/truestudio for arm 5.4.0/armtools/bin/../lib/gcc/arm-atollic-eabi/4.8.3/armv7e-m/fpu/crtbegin.o
LOAD Src\main.o
LOAD Src\Commons\stm32f4xx_it.o
LOAD Src\Commons\stm32f4xx_hal_timebase_TIM.o
LOAD Src\Commons\stm32f4xx_hal_msp.o
LOAD Src\Commons\freertos.o
LOAD Middlewares\Third_Party\FreeRTOS\Source\timers.o
LOAD Middlewares\Third_Party\FreeRTOS\Source\tasks.o
LOAD Middlewares\Third_Party\FreeRTOS\Source\queue.o
LOAD Middlewares\Third_Party\FreeRTOS\Source\portable\MemMang\heap_4.o
LOAD Middlewares\Third_Party\FreeRTOS\Source\portable\GCC\ARM_CM4F\port.o
LOAD Middlewares\Third_Party\FreeRTOS\Source\list.o
LOAD Middlewares\Third_Party\FreeRTOS\Source\event_groups.o
LOAD Middlewares\Third_Party\FreeRTOS\Source\croutine.o
LOAD Middlewares\Third_Party\FreeRTOS\Source\CMSIS_RTOS\cmsis_os.o
LOAD Drivers\STM32F4xx_HAL_Driver\Src\stm32f4xx_hal_usart.o
LOAD Drivers\STM32F4xx_HAL_Driver\Src\stm32f4xx_hal_uart.o
LOAD Drivers\STM32F4xx_HAL_Driver\Src\stm32f4xx_hal_tim_ex.o
LOAD Drivers\STM32F4xx_HAL_Driver\Src\stm32f4xx_hal_tim.o
LOAD Drivers\STM32F4xx_HAL_Driver\Src\stm32f4xx_hal_rcc_ex.o
LOAD Drivers\STM32F4xx_HAL_Driver\Src\stm32f4xx_hal_rcc.o
LOAD Drivers\STM32F4xx_HAL_Driver\Src\stm32f4xx_hal_pwr_ex.o
LOAD Drivers\STM32F4xx_HAL_Driver\Src\stm32f4xx_hal_pwr.o
LOAD Drivers\STM32F4xx_HAL_Driver\Src\stm32f4xx_hal_i2c_ex.o
LOAD Drivers\STM32F4xx_HAL_Driver\Src\stm32f4xx_hal_i2c.o
LOAD Drivers\STM32F4xx_HAL_Driver\Src\stm32f4xx_hal_gpio.o
LOAD Drivers\STM32F4xx_HAL_Driver\Src\stm32f4xx_hal_flash_ramfunc.o
LOAD Drivers\STM32F4xx_HAL_Driver\Src\stm32f4xx_hal_flash_ex.o
LOAD Drivers\STM32F4xx_HAL_Driver\Src\stm32f4xx_hal_flash.o
LOAD Drivers\STM32F4xx_HAL_Driver\Src\stm32f4xx_hal_dma_ex.o
LOAD Drivers\STM32F4xx_HAL_Driver\Src\stm32f4xx_hal_dma.o
LOAD Drivers\STM32F4xx_HAL_Driver\Src\stm32f4xx_hal_cortex.o
LOAD Drivers\STM32F4xx_HAL_Driver\Src\stm32f4xx_hal.o
LOAD Drivers\CMSIS\Device\ST\STM32F4xx\Source\Templates\system_stm32f4xx.o
LOAD Drivers\CMSIS\Device\ST\STM32F4xx\Source\Templates\gcc\startup_stm32f407xx.o
START GROUP
LOAD c:/program files (x86)/atollic/truestudio for arm 5.4.0/armtools/bin/../lib/gcc/arm-atollic-eabi/4.8.3/../../../../arm-atollic-eabi/lib/armv7e-m/fpu\libc.a
LOAD c:/program files (x86)/atollic/truestudio for arm 5.4.0/armtools/bin/../lib/gcc/arm-atollic-eabi/4.8.3/../../../../arm-atollic-eabi/lib/armv7e-m/fpu\libm.a
END GROUP
                0x00001000                malloc_getpagesize_P = 0x1000
START GROUP
LOAD c:/program files (x86)/atollic/truestudio for arm 5.4.0/armtools/bin/../lib/gcc/arm-atollic-eabi/4.8.3/armv7e-m/fpu\libgcc.a
LOAD c:/program files (x86)/atollic/truestudio for arm 5.4.0/armtools/bin/../lib/gcc/arm-atollic-eabi/4.8.3/../../../../arm-atollic-eabi/lib/armv7e-m/fpu\libc.a
END GROUP
LOAD c:/program files (x86)/atollic/truestudio for arm 5.4.0/armtools/bin/../lib/gcc/arm-atollic-eabi/4.8.3/armv7e-m/fpu/crtend.o
LOAD c:/program files (x86)/atollic/truestudio for arm 5.4.0/armtools/bin/../lib/gcc/arm-atollic-eabi/4.8.3/armv7e-m/fpu/crtn.o
                0x20020000                _estack = 0x20020000
                0x00000200                _Min_Heap_Size = 0x200
                0x00000400                _Min_Stack_Size = 0x400

.isr_vector     0x08000000      0x188
                0x08000000                . = ALIGN (0x4)
 *(.isr_vector)
 .isr_vector    0x08000000      0x188 Drivers\CMSIS\Device\ST\STM32F4xx\Source\Templates\gcc\startup_stm32f407xx.o
                0x08000000                g_pfnVectors
                0x08000188                . = ALIGN (0x4)

.text           0x08000188     0x1ba4
                0x08000188                . = ALIGN (0x4)
 *(.text)
 .text          0x08000188       0x40 c:/program files (x86)/atollic/truestudio for arm 5.4.0/armtools/bin/../lib/gcc/arm-atollic-eabi/4.8.3/armv7e-m/fpu/crtbegin.o
 *(.text*)
 .text.StartDefaultTask
                0x080001c8        0xa Src\main.o
                0x080001c8                StartDefaultTask
 *fill*         0x080001d2        0x2 
 .text.SystemClock_Config
                0x080001d4       0xac Src\main.o
                0x080001d4                SystemClock_Config
 .text.startup.main
                0x08000280      0x224 Src\main.o
                0x08000280                main
 .text.HAL_TIM_PeriodElapsedCallback
                0x080004a4       0x14 Src\main.o
                0x080004a4                HAL_TIM_PeriodElapsedCallback
 .text.SysTick_Handler
                0x080004b8        0x4 Src\Commons\stm32f4xx_it.o
                0x080004b8                SysTick_Handler
 .text.TIM1_UP_TIM10_IRQHandler
                0x080004bc        0xc Src\Commons\stm32f4xx_it.o
                0x080004bc                TIM1_UP_TIM10_IRQHandler
 .text.HAL_InitTick
                0x080004c8       0x7c Src\Commons\stm32f4xx_hal_timebase_TIM.o
                0x080004c8                HAL_InitTick
 .text.HAL_MspInit
                0x08000544       0x60 Src\Commons\stm32f4xx_hal_msp.o
                0x08000544                HAL_MspInit
 .text.prvResetNextTaskUnblockTime
                0x080005a4       0x24 Middlewares\Third_Party\FreeRTOS\Source\tasks.o
 .text.prvAddCurrentTaskToDelayedList
                0x080005c8       0x50 Middlewares\Third_Party\FreeRTOS\Source\tasks.o
 .text.xTaskGenericCreate
                0x08000618      0x1d0 Middlewares\Third_Party\FreeRTOS\Source\tasks.o
                0x08000618                xTaskGenericCreate
 .text.vTaskStartScheduler
                0x080007e8       0x78 Middlewares\Third_Party\FreeRTOS\Source\tasks.o
                0x080007e8                vTaskStartScheduler
 .text.vTaskSuspendAll
                0x08000860       0x10 Middlewares\Third_Party\FreeRTOS\Source\tasks.o
                0x08000860                vTaskSuspendAll
 .text.xTaskIncrementTick
                0x08000870      0x118 Middlewares\Third_Party\FreeRTOS\Source\tasks.o
                0x08000870                xTaskIncrementTick
 .text.xTaskResumeAll
                0x08000988       0xe8 Middlewares\Third_Party\FreeRTOS\Source\tasks.o
                0x08000988                xTaskResumeAll
 .text.vTaskDelay
                0x08000a70       0x80 Middlewares\Third_Party\FreeRTOS\Source\tasks.o
                0x08000a70                vTaskDelay
 .text.prvIdleTask
                0x08000af0       0x74 Middlewares\Third_Party\FreeRTOS\Source\tasks.o
 .text.vTaskSwitchContext
                0x08000b64       0x6c Middlewares\Third_Party\FreeRTOS\Source\tasks.o
                0x08000b64                vTaskSwitchContext
 .text.xTaskGetSchedulerState
                0x08000bd0       0x20 Middlewares\Third_Party\FreeRTOS\Source\tasks.o
                0x08000bd0                xTaskGetSchedulerState
 .text.unlikely.prvInsertBlockIntoFreeList
                0x08000bf0       0x48 Middlewares\Third_Party\FreeRTOS\Source\portable\MemMang\heap_4.o
 .text.pvPortMalloc
                0x08000c38      0x12c Middlewares\Third_Party\FreeRTOS\Source\portable\MemMang\heap_4.o
                0x08000c38                pvPortMalloc
 .text.vPortFree
                0x08000d64       0x70 Middlewares\Third_Party\FreeRTOS\Source\portable\MemMang\heap_4.o
                0x08000d64                vPortFree
 .text.prvTaskExitError
                0x08000dd4       0x30 Middlewares\Third_Party\FreeRTOS\Source\portable\GCC\ARM_CM4F\port.o
 .text.prvPortStartFirstTask
                0x08000e04       0x20 Middlewares\Third_Party\FreeRTOS\Source\portable\GCC\ARM_CM4F\port.o
 .text.vPortEnableVFP
                0x08000e24       0x14 Middlewares\Third_Party\FreeRTOS\Source\portable\GCC\ARM_CM4F\port.o
 .text.pxPortInitialiseStack
                0x08000e38       0x24 Middlewares\Third_Party\FreeRTOS\Source\portable\GCC\ARM_CM4F\port.o
                0x08000e38                pxPortInitialiseStack
 .text.SVC_Handler
                0x08000e5c       0x20 Middlewares\Third_Party\FreeRTOS\Source\portable\GCC\ARM_CM4F\port.o
                0x08000e5c                SVC_Handler
 .text.vPortEnterCritical
                0x08000e7c       0x44 Middlewares\Third_Party\FreeRTOS\Source\portable\GCC\ARM_CM4F\port.o
                0x08000e7c                vPortEnterCritical
 .text.vPortExitCritical
                0x08000ec0       0x28 Middlewares\Third_Party\FreeRTOS\Source\portable\GCC\ARM_CM4F\port.o
                0x08000ec0                vPortExitCritical
 .text.PendSV_Handler
                0x08000ee8       0x60 Middlewares\Third_Party\FreeRTOS\Source\portable\GCC\ARM_CM4F\port.o
                0x08000ee8                PendSV_Handler
 .text.xPortSysTickHandler
                0x08000f48       0x30 Middlewares\Third_Party\FreeRTOS\Source\portable\GCC\ARM_CM4F\port.o
                0x08000f48                xPortSysTickHandler
 .text.vPortSetupTimerInterrupt
                0x08000f78       0x24 Middlewares\Third_Party\FreeRTOS\Source\portable\GCC\ARM_CM4F\port.o
                0x08000f78                vPortSetupTimerInterrupt
 .text.xPortStartScheduler
                0x08000f9c       0xe4 Middlewares\Third_Party\FreeRTOS\Source\portable\GCC\ARM_CM4F\port.o
                0x08000f9c                xPortStartScheduler
 .text.vListInitialise
                0x08001080       0x16 Middlewares\Third_Party\FreeRTOS\Source\list.o
                0x08001080                vListInitialise
 .text.vListInitialiseItem
                0x08001096        0x6 Middlewares\Third_Party\FreeRTOS\Source\list.o
                0x08001096                vListInitialiseItem
 .text.vListInsertEnd
                0x0800109c       0x18 Middlewares\Third_Party\FreeRTOS\Source\list.o
                0x0800109c                vListInsertEnd
 .text.vListInsert
                0x080010b4       0x30 Middlewares\Third_Party\FreeRTOS\Source\list.o
                0x080010b4                vListInsert
 .text.uxListRemove
                0x080010e4       0x20 Middlewares\Third_Party\FreeRTOS\Source\list.o
                0x080010e4                uxListRemove
 .text.osKernelStart
                0x08001104        0xa Middlewares\Third_Party\FreeRTOS\Source\CMSIS_RTOS\cmsis_os.o
                0x08001104                osKernelStart
 .text.osThreadCreate
                0x0800110e       0x36 Middlewares\Third_Party\FreeRTOS\Source\CMSIS_RTOS\cmsis_os.o
                0x0800110e                osThreadCreate
 .text.osDelay  0x08001144       0x10 Middlewares\Third_Party\FreeRTOS\Source\CMSIS_RTOS\cmsis_os.o
                0x08001144                osDelay
 .text.osSystickHandler
                0x08001154       0x14 Middlewares\Third_Party\FreeRTOS\Source\CMSIS_RTOS\cmsis_os.o
                0x08001154                osSystickHandler
 .text.HAL_TIMEx_CommutationCallback
                0x08001168        0x2 Drivers\STM32F4xx_HAL_Driver\Src\stm32f4xx_hal_tim_ex.o
                0x08001168                HAL_TIMEx_CommutationCallback
 .text.HAL_TIMEx_BreakCallback
                0x0800116a        0x2 Drivers\STM32F4xx_HAL_Driver\Src\stm32f4xx_hal_tim_ex.o
                0x0800116a                HAL_TIMEx_BreakCallback
 .text.HAL_TIM_Base_MspInit
                0x0800116c        0x2 Drivers\STM32F4xx_HAL_Driver\Src\stm32f4xx_hal_tim.o
                0x0800116c                HAL_TIM_Base_MspInit
 .text.HAL_TIM_Base_Start_IT
                0x0800116e       0x16 Drivers\STM32F4xx_HAL_Driver\Src\stm32f4xx_hal_tim.o
                0x0800116e                HAL_TIM_Base_Start_IT
 .text.HAL_TIM_OC_DelayElapsedCallback
                0x08001184        0x2 Drivers\STM32F4xx_HAL_Driver\Src\stm32f4xx_hal_tim.o
                0x08001184                HAL_TIM_OC_DelayElapsedCallback
 .text.HAL_TIM_IC_CaptureCallback
                0x08001186        0x2 Drivers\STM32F4xx_HAL_Driver\Src\stm32f4xx_hal_tim.o
                0x08001186                HAL_TIM_IC_CaptureCallback
 .text.HAL_TIM_PWM_PulseFinishedCallback
                0x08001188        0x2 Drivers\STM32F4xx_HAL_Driver\Src\stm32f4xx_hal_tim.o
                0x08001188                HAL_TIM_PWM_PulseFinishedCallback
 .text.HAL_TIM_TriggerCallback
                0x0800118a        0x2 Drivers\STM32F4xx_HAL_Driver\Src\stm32f4xx_hal_tim.o
                0x0800118a                HAL_TIM_TriggerCallback
 .text.HAL_TIM_IRQHandler
                0x0800118c      0x144 Drivers\STM32F4xx_HAL_Driver\Src\stm32f4xx_hal_tim.o
                0x0800118c                HAL_TIM_IRQHandler
 .text.TIM_Base_SetConfig
                0x080012d0       0xc8 Drivers\STM32F4xx_HAL_Driver\Src\stm32f4xx_hal_tim.o
                0x080012d0                TIM_Base_SetConfig
 .text.HAL_TIM_Base_Init
                0x08001398       0x34 Drivers\STM32F4xx_HAL_Driver\Src\stm32f4xx_hal_tim.o
                0x08001398                HAL_TIM_Base_Init
 .text.HAL_RCC_OscConfig
                0x080013cc      0x2b4 Drivers\STM32F4xx_HAL_Driver\Src\stm32f4xx_hal_rcc.o
                0x080013cc                HAL_RCC_OscConfig
 .text.HAL_RCC_GetSysClockFreq
                0x08001680       0x8c Drivers\STM32F4xx_HAL_Driver\Src\stm32f4xx_hal_rcc.o
                0x08001680                HAL_RCC_GetSysClockFreq
 .text.HAL_RCC_ClockConfig
                0x0800170c      0x174 Drivers\STM32F4xx_HAL_Driver\Src\stm32f4xx_hal_rcc.o
                0x0800170c                HAL_RCC_ClockConfig
 .text.HAL_RCC_GetHCLKFreq
                0x08001880        0xc Drivers\STM32F4xx_HAL_Driver\Src\stm32f4xx_hal_rcc.o
                0x08001880                HAL_RCC_GetHCLKFreq
 .text.HAL_RCC_GetPCLK2Freq
                0x0800188c       0x30 Drivers\STM32F4xx_HAL_Driver\Src\stm32f4xx_hal_rcc.o
                0x0800188c                HAL_RCC_GetPCLK2Freq
 .text.HAL_RCC_GetClockConfig
                0x080018bc       0x3c Drivers\STM32F4xx_HAL_Driver\Src\stm32f4xx_hal_rcc.o
                0x080018bc                HAL_RCC_GetClockConfig
 .text.HAL_GPIO_Init
                0x080018f8      0x1dc Drivers\STM32F4xx_HAL_Driver\Src\stm32f4xx_hal_gpio.o
                0x080018f8                HAL_GPIO_Init
 .text.HAL_GPIO_WritePin
                0x08001ad4        0x8 Drivers\STM32F4xx_HAL_Driver\Src\stm32f4xx_hal_gpio.o
                0x08001ad4                HAL_GPIO_WritePin
 .text.HAL_NVIC_SetPriorityGrouping
                0x08001adc       0x24 Drivers\STM32F4xx_HAL_Driver\Src\stm32f4xx_hal_cortex.o
                0x08001adc                HAL_NVIC_SetPriorityGrouping
 .text.HAL_NVIC_SetPriority
                0x08001b00       0x64 Drivers\STM32F4xx_HAL_Driver\Src\stm32f4xx_hal_cortex.o
                0x08001b00                HAL_NVIC_SetPriority
 .text.HAL_NVIC_EnableIRQ
                0x08001b64       0x18 Drivers\STM32F4xx_HAL_Driver\Src\stm32f4xx_hal_cortex.o
                0x08001b64                HAL_NVIC_EnableIRQ
 .text.HAL_SYSTICK_Config
                0x08001b7c       0x2c Drivers\STM32F4xx_HAL_Driver\Src\stm32f4xx_hal_cortex.o
                0x08001b7c                HAL_SYSTICK_Config
 .text.HAL_SYSTICK_CLKSourceConfig
                0x08001ba8       0x18 Drivers\STM32F4xx_HAL_Driver\Src\stm32f4xx_hal_cortex.o
                0x08001ba8                HAL_SYSTICK_CLKSourceConfig
 .text.HAL_Init
                0x08001bc0       0x34 Drivers\STM32F4xx_HAL_Driver\Src\stm32f4xx_hal.o
                0x08001bc0                HAL_Init
 .text.HAL_IncTick
                0x08001bf4       0x10 Drivers\STM32F4xx_HAL_Driver\Src\stm32f4xx_hal.o
                0x08001bf4                HAL_IncTick
 .text.HAL_GetTick
                0x08001c04        0xc Drivers\STM32F4xx_HAL_Driver\Src\stm32f4xx_hal.o
                0x08001c04                HAL_GetTick
 .text.SystemInit
                0x08001c10       0x4c Drivers\CMSIS\Device\ST\STM32F4xx\Source\Templates\system_stm32f4xx.o
                0x08001c10                SystemInit
 .text.Reset_Handler
                0x08001c5c       0x58 Drivers\CMSIS\Device\ST\STM32F4xx\Source\Templates\gcc\startup_stm32f407xx.o
                0x08001c5c                Reset_Handler
 .text.Default_Handler
                0x08001cb4        0x4 Drivers\CMSIS\Device\ST\STM32F4xx\Source\Templates\gcc\startup_stm32f407xx.o
                0x08001cb4                RTC_Alarm_IRQHandler
                0x08001cb4                HASH_RNG_IRQHandler
                0x08001cb4                EXTI2_IRQHandler
                0x08001cb4                TIM8_CC_IRQHandler
                0x08001cb4                DebugMon_Handler
                0x08001cb4                TIM1_CC_IRQHandler
                0x08001cb4                DMA2_Stream5_IRQHandler
                0x08001cb4                HardFault_Handler
                0x08001cb4                DMA1_Stream5_IRQHandler
                0x08001cb4                PVD_IRQHandler
                0x08001cb4                SDIO_IRQHandler
                0x08001cb4                TAMP_STAMP_IRQHandler
                0x08001cb4                NMI_Handler
                0x08001cb4                CAN2_RX1_IRQHandler
                0x08001cb4                EXTI3_IRQHandler
                0x08001cb4                TIM8_TRG_COM_TIM14_IRQHandler
                0x08001cb4                TIM8_UP_TIM13_IRQHandler
                0x08001cb4                I2C3_ER_IRQHandler
                0x08001cb4                EXTI0_IRQHandler
                0x08001cb4                I2C2_EV_IRQHandler
                0x08001cb4                DMA1_Stream2_IRQHandler
                0x08001cb4                CAN1_RX0_IRQHandler
                0x08001cb4                FPU_IRQHandler
                0x08001cb4                OTG_HS_WKUP_IRQHandler
                0x08001cb4                UsageFault_Handler
                0x08001cb4                CAN2_SCE_IRQHandler
                0x08001cb4                DMA2_Stream2_IRQHandler
                0x08001cb4                SPI1_IRQHandler
                0x08001cb4                TIM6_DAC_IRQHandler
                0x08001cb4                TIM1_BRK_TIM9_IRQHandler
                0x08001cb4                DCMI_IRQHandler
                0x08001cb4                CAN2_RX0_IRQHandler
                0x08001cb4                DMA2_Stream3_IRQHandler
                0x08001cb4                USART6_IRQHandler
                0x08001cb4                USART3_IRQHandler
                0x08001cb4                CAN1_RX1_IRQHandler
                0x08001cb4                UART5_IRQHandler
                0x08001cb4                DMA2_Stream0_IRQHandler
                0x08001cb4                TIM4_IRQHandler
                0x08001cb4                I2C1_EV_IRQHandler
                0x08001cb4                DMA1_Stream6_IRQHandler
                0x08001cb4                DMA1_Stream1_IRQHandler
                0x08001cb4                UART4_IRQHandler
                0x08001cb4                TIM3_IRQHandler
                0x08001cb4                RCC_IRQHandler
                0x08001cb4                TIM8_BRK_TIM12_IRQHandler
                0x08001cb4                Default_Handler
                0x08001cb4                EXTI15_10_IRQHandler
                0x08001cb4                ADC_IRQHandler
                0x08001cb4                DMA1_Stream7_IRQHandler
                0x08001cb4                TIM7_IRQHandler
                0x08001cb4                CAN2_TX_IRQHandler
                0x08001cb4                TIM5_IRQHandler
                0x08001cb4                DMA2_Stream7_IRQHandler
                0x08001cb4                I2C3_EV_IRQHandler
                0x08001cb4                EXTI9_5_IRQHandler
                0x08001cb4                RTC_WKUP_IRQHandler
                0x08001cb4                ETH_WKUP_IRQHandler
                0x08001cb4                SPI2_IRQHandler
                0x08001cb4                OTG_HS_EP1_IN_IRQHandler
                0x08001cb4                MemManage_Handler
                0x08001cb4                DMA1_Stream0_IRQHandler
                0x08001cb4                CAN1_TX_IRQHandler
                0x08001cb4                EXTI4_IRQHandler
                0x08001cb4                FSMC_IRQHandler
                0x08001cb4                ETH_IRQHandler
                0x08001cb4                OTG_HS_EP1_OUT_IRQHandler
                0x08001cb4                WWDG_IRQHandler
                0x08001cb4                TIM2_IRQHandler
                0x08001cb4                OTG_FS_WKUP_IRQHandler
                0x08001cb4                TIM1_TRG_COM_TIM11_IRQHandler
                0x08001cb4                OTG_HS_IRQHandler
                0x08001cb4                EXTI1_IRQHandler
                0x08001cb4                USART2_IRQHandler
                0x08001cb4                I2C2_ER_IRQHandler
                0x08001cb4                DMA2_Stream1_IRQHandler
                0x08001cb4                CAN1_SCE_IRQHandler
                0x08001cb4                FLASH_IRQHandler
                0x08001cb4                DMA2_Stream4_IRQHandler
                0x08001cb4                BusFault_Handler
                0x08001cb4                USART1_IRQHandler
                0x08001cb4                OTG_FS_IRQHandler
                0x08001cb4                SPI3_IRQHandler
                0x08001cb4                DMA1_Stream4_IRQHandler
                0x08001cb4                I2C1_ER_IRQHandler
                0x08001cb4                DMA2_Stream6_IRQHandler
                0x08001cb4                DMA1_Stream3_IRQHandler
 .text.__libc_init_array
                0x08001cb8       0x4c c:/program files (x86)/atollic/truestudio for arm 5.4.0/armtools/bin/../lib/gcc/arm-atollic-eabi/4.8.3/../../../../arm-atollic-eabi/lib/armv7e-m/fpu\libc.a(lib_a-init.o)
                0x08001cb8                __libc_init_array
 .text.memset   0x08001d04       0x10 c:/program files (x86)/atollic/truestudio for arm 5.4.0/armtools/bin/../lib/gcc/arm-atollic-eabi/4.8.3/../../../../arm-atollic-eabi/lib/armv7e-m/fpu\libc.a(lib_a-memset.o)
                0x08001d04                memset
 *(.glue_7)
 .glue_7        0x00000000        0x0 linker stubs
 *(.glue_7t)
 .glue_7t       0x00000000        0x0 linker stubs
 *(.eh_frame)
 .eh_frame      0x08001d14        0x0 c:/program files (x86)/atollic/truestudio for arm 5.4.0/armtools/bin/../lib/gcc/arm-atollic-eabi/4.8.3/armv7e-m/fpu/crtbegin.o
 *(.init)
 .init          0x08001d14        0x4 c:/program files (x86)/atollic/truestudio for arm 5.4.0/armtools/bin/../lib/gcc/arm-atollic-eabi/4.8.3/armv7e-m/fpu/crti.o
                0x08001d14                _init
 .init          0x08001d18        0x8 c:/program files (x86)/atollic/truestudio for arm 5.4.0/armtools/bin/../lib/gcc/arm-atollic-eabi/4.8.3/armv7e-m/fpu/crtn.o
 *(.fini)
 .fini          0x08001d20        0x4 c:/program files (x86)/atollic/truestudio for arm 5.4.0/armtools/bin/../lib/gcc/arm-atollic-eabi/4.8.3/armv7e-m/fpu/crti.o
                0x08001d20                _fini
 .fini          0x08001d24        0x8 c:/program files (x86)/atollic/truestudio for arm 5.4.0/armtools/bin/../lib/gcc/arm-atollic-eabi/4.8.3/armv7e-m/fpu/crtn.o
                0x08001d2c                . = ALIGN (0x4)
                0x08001d2c                _etext = .

.vfp11_veneer   0x08001d2c        0x0
 .vfp11_veneer  0x00000000        0x0 linker stubs

.v4_bx          0x08001d2c        0x0
 .v4_bx         0x00000000        0x0 linker stubs

.iplt           0x08001d2c        0x0
 .iplt          0x00000000        0x0 c:/program files (x86)/atollic/truestudio for arm 5.4.0/armtools/bin/../lib/gcc/arm-atollic-eabi/4.8.3/armv7e-m/fpu/crtbegin.o

.rodata         0x08001d2c       0x38
                0x08001d2c                . = ALIGN (0x4)
 *(.rodata)
 .rodata        0x08001d2c       0x14 Src\main.o
 *(.rodata*)
 .rodata.str1.1
                0x08001d40        0xc Src\main.o
 .rodata.str1.1
                0x08001d4c        0x5 Middlewares\Third_Party\FreeRTOS\Source\tasks.o
 .rodata.APBAHBPrescTable
                0x08001d51       0x10 Drivers\STM32F4xx_HAL_Driver\Src\stm32f4xx_hal_rcc.o
                0x08001d51                APBAHBPrescTable
                0x08001d64                . = ALIGN (0x4)
 *fill*         0x08001d61        0x3 

.rel.dyn        0x08001d64        0x0
 .rel.iplt      0x00000000        0x0 c:/program files (x86)/atollic/truestudio for arm 5.4.0/armtools/bin/../lib/gcc/arm-atollic-eabi/4.8.3/armv7e-m/fpu/crtbegin.o

.ARM.extab
 *(.ARM.extab* .gnu.linkonce.armextab.*)

.ARM            0x08001d64        0x0
                0x08001d64                __exidx_start = .
 *(.ARM.exidx*)
                0x08001d64                __exidx_end = .

.preinit_array  0x08001d64        0x0
                0x08001d64                PROVIDE (__preinit_array_start, .)
 *(.preinit_array*)
                0x08001d64                PROVIDE (__preinit_array_end, .)

.init_array     0x08001d64        0x4
                0x08001d64                PROVIDE (__init_array_start, .)
 *(SORT(.init_array.*))
 *(.init_array*)
 .init_array    0x08001d64        0x4 c:/program files (x86)/atollic/truestudio for arm 5.4.0/armtools/bin/../lib/gcc/arm-atollic-eabi/4.8.3/armv7e-m/fpu/crtbegin.o
                0x08001d68                PROVIDE (__init_array_end, .)

.fini_array     0x08001d68        0x4
                0x08001d68                PROVIDE (__fini_array_start, .)
 *(SORT(.fini_array.*))
 *(.fini_array*)
 .fini_array    0x08001d68        0x4 c:/program files (x86)/atollic/truestudio for arm 5.4.0/armtools/bin/../lib/gcc/arm-atollic-eabi/4.8.3/armv7e-m/fpu/crtbegin.o
                0x08001d6c                PROVIDE (__fini_array_end, .)
                0x08001d6c                _sidata = LOADADDR (.data)

.data           0x20000000        0x8 load address 0x08001d6c
                0x20000000                . = ALIGN (0x4)
                0x20000000                _sdata = .
 *(.data)
 *(.data*)
 .data.uxCriticalNesting
                0x20000000        0x4 Middlewares\Third_Party\FreeRTOS\Source\portable\GCC\ARM_CM4F\port.o
 .data.SystemCoreClock
                0x20000004        0x4 Drivers\CMSIS\Device\ST\STM32F4xx\Source\Templates\system_stm32f4xx.o
                0x20000004                SystemCoreClock
                0x20000008                . = ALIGN (0x4)
                0x20000008                _edata = .
                0x08001d74                _siccmram = LOADADDR (.ccmram)

.igot.plt       0x20000008        0x0 load address 0x08001d74
 .igot.plt      0x00000000        0x0 c:/program files (x86)/atollic/truestudio for arm 5.4.0/armtools/bin/../lib/gcc/arm-atollic-eabi/4.8.3/armv7e-m/fpu/crtbegin.o

.ccmram         0x10000000        0x0 load address 0x08001d74
                0x10000000                . = ALIGN (0x4)
                0x10000000                _sccmram = .
 *(.ccmram)
 *(.ccmram*)
                0x10000000                . = ALIGN (0x4)
                0x10000000                _eccmram = .
                0x10000000                . = ALIGN (0x4)

.bss            0x20000008     0x3da8
                0x20000008                _sbss = .
                0x20000008                __bss_start__ = _sbss
 *(.bss)
 .bss           0x20000008       0x1c c:/program files (x86)/atollic/truestudio for arm 5.4.0/armtools/bin/../lib/gcc/arm-atollic-eabi/4.8.3/armv7e-m/fpu/crtbegin.o
 *(.bss*)
 .bss.xNumOfOverflows
                0x20000024        0x4 Middlewares\Third_Party\FreeRTOS\Source\tasks.o
 .bss.pxDelayedTaskList
                0x20000028        0x4 Middlewares\Third_Party\FreeRTOS\Source\tasks.o
 .bss.xSchedulerRunning
                0x2000002c        0x4 Middlewares\Third_Party\FreeRTOS\Source\tasks.o
 .bss.uxTasksDeleted
                0x20000030        0x4 Middlewares\Third_Party\FreeRTOS\Source\tasks.o
 .bss.xDelayedTaskList1
                0x20000034       0x14 Middlewares\Third_Party\FreeRTOS\Source\tasks.o
 .bss.pxOverflowDelayedTaskList
                0x20000048        0x4 Middlewares\Third_Party\FreeRTOS\Source\tasks.o
 .bss.uxPendedTicks
                0x2000004c        0x4 Middlewares\Third_Party\FreeRTOS\Source\tasks.o
 .bss.pxReadyTasksLists
                0x20000050       0x8c Middlewares\Third_Party\FreeRTOS\Source\tasks.o
 .bss.xTasksWaitingTermination
                0x200000dc       0x14 Middlewares\Third_Party\FreeRTOS\Source\tasks.o
 .bss.pxCurrentTCB
                0x200000f0        0x4 Middlewares\Third_Party\FreeRTOS\Source\tasks.o
                0x200000f0                pxCurrentTCB
 .bss.xPendingReadyList
                0x200000f4       0x14 Middlewares\Third_Party\FreeRTOS\Source\tasks.o
 .bss.uxSchedulerSuspended
                0x20000108        0x4 Middlewares\Third_Party\FreeRTOS\Source\tasks.o
 .bss.xTickCount
                0x2000010c        0x4 Middlewares\Third_Party\FreeRTOS\Source\tasks.o
 .bss.xNextTaskUnblockTime
                0x20000110        0x4 Middlewares\Third_Party\FreeRTOS\Source\tasks.o
 .bss.uxTaskNumber
                0x20000114        0x4 Middlewares\Third_Party\FreeRTOS\Source\tasks.o
 .bss.uxCurrentNumberOfTasks
                0x20000118        0x4 Middlewares\Third_Party\FreeRTOS\Source\tasks.o
 .bss.xDelayedTaskList2
                0x2000011c       0x14 Middlewares\Third_Party\FreeRTOS\Source\tasks.o
 .bss.xSuspendedTaskList
                0x20000130       0x14 Middlewares\Third_Party\FreeRTOS\Source\tasks.o
 .bss.uxTopReadyPriority
                0x20000144        0x4 Middlewares\Third_Party\FreeRTOS\Source\tasks.o
 .bss.xYieldPending
                0x20000148        0x4 Middlewares\Third_Party\FreeRTOS\Source\tasks.o
 .bss.xFreeBytesRemaining
                0x2000014c        0x4 Middlewares\Third_Party\FreeRTOS\Source\portable\MemMang\heap_4.o
 .bss.pxEnd     0x20000150        0x4 Middlewares\Third_Party\FreeRTOS\Source\portable\MemMang\heap_4.o
 .bss.xStart    0x20000154        0x8 Middlewares\Third_Party\FreeRTOS\Source\portable\MemMang\heap_4.o
 .bss.ucHeap    0x2000015c     0x3c00 Middlewares\Third_Party\FreeRTOS\Source\portable\MemMang\heap_4.o
 .bss.xBlockAllocatedBit
                0x20003d5c        0x4 Middlewares\Third_Party\FreeRTOS\Source\portable\MemMang\heap_4.o
 .bss.xMinimumEverFreeBytesRemaining
                0x20003d60        0x4 Middlewares\Third_Party\FreeRTOS\Source\portable\MemMang\heap_4.o
 .bss.ucMaxSysCallPriority
                0x20003d64        0x1 Middlewares\Third_Party\FreeRTOS\Source\portable\GCC\ARM_CM4F\port.o
 *fill*         0x20003d65        0x3 
 .bss.ulMaxPRIGROUPValue
                0x20003d68        0x4 Middlewares\Third_Party\FreeRTOS\Source\portable\GCC\ARM_CM4F\port.o
 *(COMMON)
 COMMON         0x20003d6c        0x4 Src\main.o
                0x20003d6c                defaultTaskHandle
 COMMON         0x20003d70       0x3c Src\Commons\stm32f4xx_hal_timebase_TIM.o
                0x20003d70                htim1
 COMMON         0x20003dac        0x4 Drivers\STM32F4xx_HAL_Driver\Src\stm32f4xx_hal.o
                0x20003dac                uwTick
                0x20003db0                . = ALIGN (0x4)
                0x20003db0                _ebss = .
                0x20003db0                __bss_end__ = _ebss

._user_heap_stack
                0x20003db0      0x600
                0x20003db0                . = ALIGN (0x4)
                0x20003db0                PROVIDE (end, .)
                0x20003db0                PROVIDE (_end, .)
                0x20003fb0                . = (. + _Min_Heap_Size)
 *fill*         0x20003db0      0x200 
                0x200043b0                . = (. + _Min_Stack_Size)
 *fill*         0x20003fb0      0x400 
                0x200043b0                . = ALIGN (0x4)

/DISCARD/
 libc.a(*)
 libm.a(*)
 libgcc.a(*)

.ARM.attributes
                0x00000000       0x30
 *(.ARM.attributes)
 .ARM.attributes
                0x00000000       0x22 c:/program files (x86)/atollic/truestudio for arm 5.4.0/armtools/bin/../lib/gcc/arm-atollic-eabi/4.8.3/armv7e-m/fpu/crti.o
 .ARM.attributes
                0x00000022       0x34 c:/program files (x86)/atollic/truestudio for arm 5.4.0/armtools/bin/../lib/gcc/arm-atollic-eabi/4.8.3/armv7e-m/fpu/crtbegin.o
 .ARM.attributes
                0x00000056       0x39 Src\main.o
 .ARM.attributes
                0x0000008f       0x39 Src\Commons\stm32f4xx_it.o
 .ARM.attributes
                0x000000c8       0x39 Src\Commons\stm32f4xx_hal_timebase_TIM.o
 .ARM.attributes
                0x00000101       0x39 Src\Commons\stm32f4xx_hal_msp.o
 .ARM.attributes
                0x0000013a       0x39 Middlewares\Third_Party\FreeRTOS\Source\tasks.o
 .ARM.attributes
                0x00000173       0x39 Middlewares\Third_Party\FreeRTOS\Source\portable\MemMang\heap_4.o
 .ARM.attributes
                0x000001ac       0x39 Middlewares\Third_Party\FreeRTOS\Source\portable\GCC\ARM_CM4F\port.o
 .ARM.attributes
                0x000001e5       0x39 Middlewares\Third_Party\FreeRTOS\Source\list.o
 .ARM.attributes
                0x0000021e       0x39 Middlewares\Third_Party\FreeRTOS\Source\CMSIS_RTOS\cmsis_os.o
 .ARM.attributes
                0x00000257       0x39 Drivers\STM32F4xx_HAL_Driver\Src\stm32f4xx_hal_tim_ex.o
 .ARM.attributes
                0x00000290       0x39 Drivers\STM32F4xx_HAL_Driver\Src\stm32f4xx_hal_tim.o
 .ARM.attributes
                0x000002c9       0x39 Drivers\STM32F4xx_HAL_Driver\Src\stm32f4xx_hal_rcc.o
 .ARM.attributes
                0x00000302       0x39 Drivers\STM32F4xx_HAL_Driver\Src\stm32f4xx_hal_gpio.o
 .ARM.attributes
                0x0000033b       0x39 Drivers\STM32F4xx_HAL_Driver\Src\stm32f4xx_hal_cortex.o
 .ARM.attributes
                0x00000374       0x39 Drivers\STM32F4xx_HAL_Driver\Src\stm32f4xx_hal.o
 .ARM.attributes
                0x000003ad       0x39 Drivers\CMSIS\Device\ST\STM32F4xx\Source\Templates\system_stm32f4xx.o
 .ARM.attributes
                0x000003e6       0x21 Drivers\CMSIS\Device\ST\STM32F4xx\Source\Templates\gcc\startup_stm32f407xx.o
 .ARM.attributes
                0x00000407       0x34 c:/program files (x86)/atollic/truestudio for arm 5.4.0/armtools/bin/../lib/gcc/arm-atollic-eabi/4.8.3/../../../../arm-atollic-eabi/lib/armv7e-m/fpu\libc.a(lib_a-init.o)
 .ARM.attributes
                0x0000043b       0x34 c:/program files (x86)/atollic/truestudio for arm 5.4.0/armtools/bin/../lib/gcc/arm-atollic-eabi/4.8.3/../../../../arm-atollic-eabi/lib/armv7e-m/fpu\libc.a(lib_a-memset.o)
 .ARM.attributes
                0x0000046f       0x22 c:/program files (x86)/atollic/truestudio for arm 5.4.0/armtools/bin/../lib/gcc/arm-atollic-eabi/4.8.3/armv7e-m/fpu/crtn.o
OUTPUT(QuadcopterMain.elf elf32-littlearm)

.debug_info     0x00000000     0xf09d
 .debug_info    0x00000000     0x135c Src\main.o
 .debug_info    0x0000135c      0x5ca Src\Commons\stm32f4xx_it.o
 .debug_info    0x00001926      0xb86 Src\Commons\stm32f4xx_hal_timebase_TIM.o
 .debug_info    0x000024ac      0x413 Src\Commons\stm32f4xx_hal_msp.o
 .debug_info    0x000028bf     0x2609 Middlewares\Third_Party\FreeRTOS\Source\tasks.o
 .debug_info    0x00004ec8      0x486 Middlewares\Third_Party\FreeRTOS\Source\portable\MemMang\heap_4.o
 .debug_info    0x0000534e      0x54d Middlewares\Third_Party\FreeRTOS\Source\portable\GCC\ARM_CM4F\port.o
 .debug_info    0x0000589b      0x298 Middlewares\Third_Party\FreeRTOS\Source\list.o
 .debug_info    0x00005b33     0x1e7a Middlewares\Third_Party\FreeRTOS\Source\CMSIS_RTOS\cmsis_os.o
 .debug_info    0x000079ad     0x1278 Drivers\STM32F4xx_HAL_Driver\Src\stm32f4xx_hal_tim_ex.o
 .debug_info    0x00008c25     0x3403 Drivers\STM32F4xx_HAL_Driver\Src\stm32f4xx_hal_tim.o
 .debug_info    0x0000c028      0xc7f Drivers\STM32F4xx_HAL_Driver\Src\stm32f4xx_hal_rcc.o
 .debug_info    0x0000cca7      0x70e Drivers\STM32F4xx_HAL_Driver\Src\stm32f4xx_hal_gpio.o
 .debug_info    0x0000d3b5      0xe76 Drivers\STM32F4xx_HAL_Driver\Src\stm32f4xx_hal_cortex.o
 .debug_info    0x0000e22b      0x912 Drivers\STM32F4xx_HAL_Driver\Src\stm32f4xx_hal.o
 .debug_info    0x0000eb3d      0x4a5 Drivers\CMSIS\Device\ST\STM32F4xx\Source\Templates\system_stm32f4xx.o
 .debug_info    0x0000efe2       0xbb Drivers\CMSIS\Device\ST\STM32F4xx\Source\Templates\gcc\startup_stm32f407xx.o

.debug_abbrev   0x00000000     0x2430
 .debug_abbrev  0x00000000      0x2df Src\main.o
 .debug_abbrev  0x000002df      0x164 Src\Commons\stm32f4xx_it.o
 .debug_abbrev  0x00000443      0x1ff Src\Commons\stm32f4xx_hal_timebase_TIM.o
 .debug_abbrev  0x00000642       0xd1 Src\Commons\stm32f4xx_hal_msp.o
 .debug_abbrev  0x00000713      0x39b Middlewares\Third_Party\FreeRTOS\Source\tasks.o
 .debug_abbrev  0x00000aae      0x243 Middlewares\Third_Party\FreeRTOS\Source\portable\MemMang\heap_4.o
 .debug_abbrev  0x00000cf1      0x220 Middlewares\Third_Party\FreeRTOS\Source\portable\GCC\ARM_CM4F\port.o
 .debug_abbrev  0x00000f11       0xdc Middlewares\Third_Party\FreeRTOS\Source\list.o
 .debug_abbrev  0x00000fed      0x3b1 Middlewares\Third_Party\FreeRTOS\Source\CMSIS_RTOS\cmsis_os.o
 .debug_abbrev  0x0000139e      0x229 Drivers\STM32F4xx_HAL_Driver\Src\stm32f4xx_hal_tim_ex.o
 .debug_abbrev  0x000015c7      0x315 Drivers\STM32F4xx_HAL_Driver\Src\stm32f4xx_hal_tim.o
 .debug_abbrev  0x000018dc      0x341 Drivers\STM32F4xx_HAL_Driver\Src\stm32f4xx_hal_rcc.o
 .debug_abbrev  0x00001c1d      0x1c8 Drivers\STM32F4xx_HAL_Driver\Src\stm32f4xx_hal_gpio.o
 .debug_abbrev  0x00001de5      0x2e0 Drivers\STM32F4xx_HAL_Driver\Src\stm32f4xx_hal_cortex.o
 .debug_abbrev  0x000020c5      0x258 Drivers\STM32F4xx_HAL_Driver\Src\stm32f4xx_hal.o
 .debug_abbrev  0x0000231d      0x101 Drivers\CMSIS\Device\ST\STM32F4xx\Source\Templates\system_stm32f4xx.o
 .debug_abbrev  0x0000241e       0x12 Drivers\CMSIS\Device\ST\STM32F4xx\Source\Templates\gcc\startup_stm32f407xx.o

.debug_loc      0x00000000     0x78e8
 .debug_loc     0x00000000       0x4d Src\main.o
 .debug_loc     0x0000004d       0x96 Src\Commons\stm32f4xx_hal_timebase_TIM.o
 .debug_loc     0x000000e3     0x15a6 Middlewares\Third_Party\FreeRTOS\Source\tasks.o
 .debug_loc     0x00001689      0x3cc Middlewares\Third_Party\FreeRTOS\Source\portable\MemMang\heap_4.o
 .debug_loc     0x00001a55       0x9a Middlewares\Third_Party\FreeRTOS\Source\portable\GCC\ARM_CM4F\port.o
 .debug_loc     0x00001aef       0x75 Middlewares\Third_Party\FreeRTOS\Source\list.o
 .debug_loc     0x00001b64     0x1105 Middlewares\Third_Party\FreeRTOS\Source\CMSIS_RTOS\cmsis_os.o
 .debug_loc     0x00002c69      0xa77 Drivers\STM32F4xx_HAL_Driver\Src\stm32f4xx_hal_tim_ex.o
 .debug_loc     0x000036e0     0x3284 Drivers\STM32F4xx_HAL_Driver\Src\stm32f4xx_hal_tim.o
 .debug_loc     0x00006964      0x600 Drivers\STM32F4xx_HAL_Driver\Src\stm32f4xx_hal_rcc.o
 .debug_loc     0x00006f64      0x402 Drivers\STM32F4xx_HAL_Driver\Src\stm32f4xx_hal_gpio.o
 .debug_loc     0x00007366      0x422 Drivers\STM32F4xx_HAL_Driver\Src\stm32f4xx_hal_cortex.o
 .debug_loc     0x00007788       0x9c Drivers\STM32F4xx_HAL_Driver\Src\stm32f4xx_hal.o
 .debug_loc     0x00007824       0xc4 Drivers\CMSIS\Device\ST\STM32F4xx\Source\Templates\system_stm32f4xx.o

.debug_aranges  0x00000000      0xbd0
 .debug_aranges
                0x00000000       0x40 Src\main.o
 .debug_aranges
                0x00000040       0x28 Src\Commons\stm32f4xx_it.o
 .debug_aranges
                0x00000068       0x30 Src\Commons\stm32f4xx_hal_timebase_TIM.o
 .debug_aranges
                0x00000098       0x20 Src\Commons\stm32f4xx_hal_msp.o
 .debug_aranges
                0x000000b8      0x180 Middlewares\Third_Party\FreeRTOS\Source\tasks.o
 .debug_aranges
                0x00000238       0x48 Middlewares\Third_Party\FreeRTOS\Source\portable\MemMang\heap_4.o
 .debug_aranges
                0x00000280       0x80 Middlewares\Third_Party\FreeRTOS\Source\portable\GCC\ARM_CM4F\port.o
 .debug_aranges
                0x00000300       0x40 Middlewares\Third_Party\FreeRTOS\Source\list.o
 .debug_aranges
                0x00000340      0x198 Middlewares\Third_Party\FreeRTOS\Source\CMSIS_RTOS\cmsis_os.o
 .debug_aranges
                0x000004d8      0x140 Drivers\STM32F4xx_HAL_Driver\Src\stm32f4xx_hal_tim_ex.o
 .debug_aranges
                0x00000618      0x330 Drivers\STM32F4xx_HAL_Driver\Src\stm32f4xx_hal_tim.o
 .debug_aranges
                0x00000948       0x88 Drivers\STM32F4xx_HAL_Driver\Src\stm32f4xx_hal_rcc.o
 .debug_aranges
                0x000009d0       0x58 Drivers\STM32F4xx_HAL_Driver\Src\stm32f4xx_hal_gpio.o
 .debug_aranges
                0x00000a28       0x98 Drivers\STM32F4xx_HAL_Driver\Src\stm32f4xx_hal_cortex.o
 .debug_aranges
                0x00000ac0       0xc0 Drivers\STM32F4xx_HAL_Driver\Src\stm32f4xx_hal.o
 .debug_aranges
                0x00000b80       0x28 Drivers\CMSIS\Device\ST\STM32F4xx\Source\Templates\system_stm32f4xx.o
 .debug_aranges
                0x00000ba8       0x28 Drivers\CMSIS\Device\ST\STM32F4xx\Source\Templates\gcc\startup_stm32f407xx.o

.debug_ranges   0x00000000      0xe58
 .debug_ranges  0x00000000       0xb0 Src\main.o
 .debug_ranges  0x000000b0       0x18 Src\Commons\stm32f4xx_it.o
 .debug_ranges  0x000000c8       0x40 Src\Commons\stm32f4xx_hal_timebase_TIM.o
 .debug_ranges  0x00000108       0x10 Src\Commons\stm32f4xx_hal_msp.o
 .debug_ranges  0x00000118      0x208 Middlewares\Third_Party\FreeRTOS\Source\tasks.o
 .debug_ranges  0x00000320       0x38 Middlewares\Third_Party\FreeRTOS\Source\portable\MemMang\heap_4.o
 .debug_ranges  0x00000358       0x70 Middlewares\Third_Party\FreeRTOS\Source\portable\GCC\ARM_CM4F\port.o
 .debug_ranges  0x000003c8       0x30 Middlewares\Third_Party\FreeRTOS\Source\list.o
 .debug_ranges  0x000003f8      0x1a8 Middlewares\Third_Party\FreeRTOS\Source\CMSIS_RTOS\cmsis_os.o
 .debug_ranges  0x000005a0      0x130 Drivers\STM32F4xx_HAL_Driver\Src\stm32f4xx_hal_tim_ex.o
 .debug_ranges  0x000006d0      0x410 Drivers\STM32F4xx_HAL_Driver\Src\stm32f4xx_hal_tim.o
 .debug_ranges  0x00000ae0      0x170 Drivers\STM32F4xx_HAL_Driver\Src\stm32f4xx_hal_rcc.o
 .debug_ranges  0x00000c50       0x48 Drivers\STM32F4xx_HAL_Driver\Src\stm32f4xx_hal_gpio.o
 .debug_ranges  0x00000c98       0xd8 Drivers\STM32F4xx_HAL_Driver\Src\stm32f4xx_hal_cortex.o
 .debug_ranges  0x00000d70       0xb0 Drivers\STM32F4xx_HAL_Driver\Src\stm32f4xx_hal.o
 .debug_ranges  0x00000e20       0x18 Drivers\CMSIS\Device\ST\STM32F4xx\Source\Templates\system_stm32f4xx.o
 .debug_ranges  0x00000e38       0x20 Drivers\CMSIS\Device\ST\STM32F4xx\Source\Templates\gcc\startup_stm32f407xx.o

.debug_line     0x00000000     0x54a6
 .debug_line    0x00000000      0x404 Src\main.o
 .debug_line    0x00000404      0x24d Src\Commons\stm32f4xx_it.o
 .debug_line    0x00000651      0x27a Src\Commons\stm32f4xx_hal_timebase_TIM.o
 .debug_line    0x000008cb      0x1db Src\Commons\stm32f4xx_hal_msp.o
 .debug_line    0x00000aa6      0xb96 Middlewares\Third_Party\FreeRTOS\Source\tasks.o
 .debug_line    0x0000163c      0x371 Middlewares\Third_Party\FreeRTOS\Source\portable\MemMang\heap_4.o
 .debug_line    0x000019ad      0x33d Middlewares\Third_Party\FreeRTOS\Source\portable\GCC\ARM_CM4F\port.o
 .debug_line    0x00001cea      0x23f Middlewares\Third_Party\FreeRTOS\Source\list.o
 .debug_line    0x00001f29      0x886 Middlewares\Third_Party\FreeRTOS\Source\CMSIS_RTOS\cmsis_os.o
 .debug_line    0x000027af      0x745 Drivers\STM32F4xx_HAL_Driver\Src\stm32f4xx_hal_tim_ex.o
 .debug_line    0x00002ef4     0x121b Drivers\STM32F4xx_HAL_Driver\Src\stm32f4xx_hal_tim.o
 .debug_line    0x0000410f      0x5a6 Drivers\STM32F4xx_HAL_Driver\Src\stm32f4xx_hal_rcc.o
 .debug_line    0x000046b5      0x3bc Drivers\STM32F4xx_HAL_Driver\Src\stm32f4xx_hal_gpio.o
 .debug_line    0x00004a71      0x3e0 Drivers\STM32F4xx_HAL_Driver\Src\stm32f4xx_hal_cortex.o
 .debug_line    0x00004e51      0x3b7 Drivers\STM32F4xx_HAL_Driver\Src\stm32f4xx_hal.o
 .debug_line    0x00005208      0x1f0 Drivers\CMSIS\Device\ST\STM32F4xx\Source\Templates\system_stm32f4xx.o
 .debug_line    0x000053f8       0xae Drivers\CMSIS\Device\ST\STM32F4xx\Source\Templates\gcc\startup_stm32f407xx.o

.debug_str      0x00000000     0x4443
 .debug_str     0x00000000     0x1097 Src\main.o
                               0x1147 (size before relaxing)
 .debug_str     0x00001097       0x71 Src\Commons\stm32f4xx_it.o
                                0x644 (size before relaxing)
 .debug_str     0x00001108      0x10d Src\Commons\stm32f4xx_hal_timebase_TIM.o
                                0xd89 (size before relaxing)
 .debug_str     0x00001215       0x4c Src\Commons\stm32f4xx_hal_msp.o
                                0x724 (size before relaxing)
 .debug_str     0x00001261      0xd80 Middlewares\Third_Party\FreeRTOS\Source\tasks.o
                                0xfb5 (size before relaxing)
 .debug_str     0x00001fe1      0x1ec Middlewares\Third_Party\FreeRTOS\Source\portable\MemMang\heap_4.o
                                0x40c (size before relaxing)
 .debug_str     0x000021cd      0x19c Middlewares\Third_Party\FreeRTOS\Source\portable\GCC\ARM_CM4F\port.o
                                0x4a2 (size before relaxing)
 .debug_str     0x00002369       0x68 Middlewares\Third_Party\FreeRTOS\Source\list.o
                                0x318 (size before relaxing)
 .debug_str     0x000023d1      0x638 Middlewares\Third_Party\FreeRTOS\Source\CMSIS_RTOS\cmsis_os.o
                                0xd9f (size before relaxing)
 .debug_str     0x00002a09      0x64b Drivers\STM32F4xx_HAL_Driver\Src\stm32f4xx_hal_tim_ex.o
                                0xc85 (size before relaxing)
 .debug_str     0x00003054      0xbc0 Drivers\STM32F4xx_HAL_Driver\Src\stm32f4xx_hal_tim.o
                               0x13cd (size before relaxing)
 .debug_str     0x00003c14      0x18b Drivers\STM32F4xx_HAL_Driver\Src\stm32f4xx_hal_rcc.o
                                0x6f5 (size before relaxing)
 .debug_str     0x00003d9f      0x12a Drivers\STM32F4xx_HAL_Driver\Src\stm32f4xx_hal_gpio.o
                                0x51a (size before relaxing)
 .debug_str     0x00003ec9      0x368 Drivers\STM32F4xx_HAL_Driver\Src\stm32f4xx_hal_cortex.o
                                0xc12 (size before relaxing)
 .debug_str     0x00004231      0x19e Drivers\STM32F4xx_HAL_Driver\Src\stm32f4xx_hal.o
                                0xac8 (size before relaxing)
 .debug_str     0x000043cf       0x74 Drivers\CMSIS\Device\ST\STM32F4xx\Source\Templates\system_stm32f4xx.o
                                0x3cb (size before relaxing)

.comment        0x00000000       0x82
 .comment       0x00000000       0x82 Src\main.o
                                 0x83 (size before relaxing)
 .comment       0x00000000       0x83 Src\Commons\stm32f4xx_it.o
 .comment       0x00000000       0x83 Src\Commons\stm32f4xx_hal_timebase_TIM.o
 .comment       0x00000000       0x83 Src\Commons\stm32f4xx_hal_msp.o
 .comment       0x00000000       0x83 Middlewares\Third_Party\FreeRTOS\Source\tasks.o
 .comment       0x00000000       0x83 Middlewares\Third_Party\FreeRTOS\Source\portable\MemMang\heap_4.o
 .comment       0x00000000       0x83 Middlewares\Third_Party\FreeRTOS\Source\portable\GCC\ARM_CM4F\port.o
 .comment       0x00000000       0x83 Middlewares\Third_Party\FreeRTOS\Source\list.o
 .comment       0x00000000       0x83 Middlewares\Third_Party\FreeRTOS\Source\CMSIS_RTOS\cmsis_os.o
 .comment       0x00000000       0x83 Drivers\STM32F4xx_HAL_Driver\Src\stm32f4xx_hal_tim_ex.o
 .comment       0x00000000       0x83 Drivers\STM32F4xx_HAL_Driver\Src\stm32f4xx_hal_tim.o
 .comment       0x00000000       0x83 Drivers\STM32F4xx_HAL_Driver\Src\stm32f4xx_hal_rcc.o
 .comment       0x00000000       0x83 Drivers\STM32F4xx_HAL_Driver\Src\stm32f4xx_hal_gpio.o
 .comment       0x00000000       0x83 Drivers\STM32F4xx_HAL_Driver\Src\stm32f4xx_hal_cortex.o
 .comment       0x00000000       0x83 Drivers\STM32F4xx_HAL_Driver\Src\stm32f4xx_hal.o
 .comment       0x00000000       0x83 Drivers\CMSIS\Device\ST\STM32F4xx\Source\Templates\system_stm32f4xx.o

.debug_frame    0x00000000     0x1d20
 .debug_frame   0x00000000       0x8c Src\main.o
 .debug_frame   0x0000008c       0x30 Src\Commons\stm32f4xx_it.o
 .debug_frame   0x000000bc       0x4c Src\Commons\stm32f4xx_hal_timebase_TIM.o
 .debug_frame   0x00000108       0x28 Src\Commons\stm32f4xx_hal_msp.o
 .debug_frame   0x00000130      0x47c Middlewares\Third_Party\FreeRTOS\Source\tasks.o
 .debug_frame   0x000005ac       0x90 Middlewares\Third_Party\FreeRTOS\Source\portable\MemMang\heap_4.o
 .debug_frame   0x0000063c       0xf4 Middlewares\Third_Party\FreeRTOS\Source\portable\GCC\ARM_CM4F\port.o
 .debug_frame   0x00000730       0x6c Middlewares\Third_Party\FreeRTOS\Source\list.o
 .debug_frame   0x0000079c      0x474 Middlewares\Third_Party\FreeRTOS\Source\CMSIS_RTOS\cmsis_os.o
 .debug_frame   0x00000c10      0x36c Drivers\STM32F4xx_HAL_Driver\Src\stm32f4xx_hal_tim_ex.o
 .debug_frame   0x00000f7c      0x87c Drivers\STM32F4xx_HAL_Driver\Src\stm32f4xx_hal_tim.o
 .debug_frame   0x000017f8      0x130 Drivers\STM32F4xx_HAL_Driver\Src\stm32f4xx_hal_rcc.o
 .debug_frame   0x00001928       0xc8 Drivers\STM32F4xx_HAL_Driver\Src\stm32f4xx_hal_gpio.o
 .debug_frame   0x000019f0      0x130 Drivers\STM32F4xx_HAL_Driver\Src\stm32f4xx_hal_cortex.o
 .debug_frame   0x00001b20      0x184 Drivers\STM32F4xx_HAL_Driver\Src\stm32f4xx_hal.o
 .debug_frame   0x00001ca4       0x30 Drivers\CMSIS\Device\ST\STM32F4xx\Source\Templates\system_stm32f4xx.o
 .debug_frame   0x00001cd4       0x2c c:/program files (x86)/atollic/truestudio for arm 5.4.0/armtools/bin/../lib/gcc/arm-atollic-eabi/4.8.3/../../../../arm-atollic-eabi/lib/armv7e-m/fpu\libc.a(lib_a-init.o)
 .debug_frame   0x00001d00       0x20 c:/program files (x86)/atollic/truestudio for arm 5.4.0/armtools/bin/../lib/gcc/arm-atollic-eabi/4.8.3/../../../../arm-atollic-eabi/lib/armv7e-m/fpu\libc.a(lib_a-memset.o)

Cross Reference Table

Symbol                                            File
ADC_IRQHandler                                    Drivers\CMSIS\Device\ST\STM32F4xx\Source\Templates\gcc\startup_stm32f407xx.o
AHBPrescTable                                     Drivers\CMSIS\Device\ST\STM32F4xx\Source\Templates\system_stm32f4xx.o
APBAHBPrescTable                                  Drivers\STM32F4xx_HAL_Driver\Src\stm32f4xx_hal_rcc.o
BusFault_Handler                                  Drivers\CMSIS\Device\ST\STM32F4xx\Source\Templates\gcc\startup_stm32f407xx.o
CAN1_RX0_IRQHandler                               Drivers\CMSIS\Device\ST\STM32F4xx\Source\Templates\gcc\startup_stm32f407xx.o
CAN1_RX1_IRQHandler                               Drivers\CMSIS\Device\ST\STM32F4xx\Source\Templates\gcc\startup_stm32f407xx.o
CAN1_SCE_IRQHandler                               Drivers\CMSIS\Device\ST\STM32F4xx\Source\Templates\gcc\startup_stm32f407xx.o
CAN1_TX_IRQHandler                                Drivers\CMSIS\Device\ST\STM32F4xx\Source\Templates\gcc\startup_stm32f407xx.o
CAN2_RX0_IRQHandler                               Drivers\CMSIS\Device\ST\STM32F4xx\Source\Templates\gcc\startup_stm32f407xx.o
CAN2_RX1_IRQHandler                               Drivers\CMSIS\Device\ST\STM32F4xx\Source\Templates\gcc\startup_stm32f407xx.o
CAN2_SCE_IRQHandler                               Drivers\CMSIS\Device\ST\STM32F4xx\Source\Templates\gcc\startup_stm32f407xx.o
CAN2_TX_IRQHandler                                Drivers\CMSIS\Device\ST\STM32F4xx\Source\Templates\gcc\startup_stm32f407xx.o
DCMI_IRQHandler                                   Drivers\CMSIS\Device\ST\STM32F4xx\Source\Templates\gcc\startup_stm32f407xx.o
DMA1_Stream0_IRQHandler                           Drivers\CMSIS\Device\ST\STM32F4xx\Source\Templates\gcc\startup_stm32f407xx.o
DMA1_Stream1_IRQHandler                           Drivers\CMSIS\Device\ST\STM32F4xx\Source\Templates\gcc\startup_stm32f407xx.o
DMA1_Stream2_IRQHandler                           Drivers\CMSIS\Device\ST\STM32F4xx\Source\Templates\gcc\startup_stm32f407xx.o
DMA1_Stream3_IRQHandler                           Drivers\CMSIS\Device\ST\STM32F4xx\Source\Templates\gcc\startup_stm32f407xx.o
DMA1_Stream4_IRQHandler                           Drivers\CMSIS\Device\ST\STM32F4xx\Source\Templates\gcc\startup_stm32f407xx.o
DMA1_Stream5_IRQHandler                           Drivers\CMSIS\Device\ST\STM32F4xx\Source\Templates\gcc\startup_stm32f407xx.o
DMA1_Stream6_IRQHandler                           Drivers\CMSIS\Device\ST\STM32F4xx\Source\Templates\gcc\startup_stm32f407xx.o
DMA1_Stream7_IRQHandler                           Drivers\CMSIS\Device\ST\STM32F4xx\Source\Templates\gcc\startup_stm32f407xx.o
DMA2_Stream0_IRQHandler                           Drivers\CMSIS\Device\ST\STM32F4xx\Source\Templates\gcc\startup_stm32f407xx.o
DMA2_Stream1_IRQHandler                           Drivers\CMSIS\Device\ST\STM32F4xx\Source\Templates\gcc\startup_stm32f407xx.o
DMA2_Stream2_IRQHandler                           Drivers\CMSIS\Device\ST\STM32F4xx\Source\Templates\gcc\startup_stm32f407xx.o
DMA2_Stream3_IRQHandler                           Drivers\CMSIS\Device\ST\STM32F4xx\Source\Templates\gcc\startup_stm32f407xx.o
DMA2_Stream4_IRQHandler                           Drivers\CMSIS\Device\ST\STM32F4xx\Source\Templates\gcc\startup_stm32f407xx.o
DMA2_Stream5_IRQHandler                           Drivers\CMSIS\Device\ST\STM32F4xx\Source\Templates\gcc\startup_stm32f407xx.o
DMA2_Stream6_IRQHandler                           Drivers\CMSIS\Device\ST\STM32F4xx\Source\Templates\gcc\startup_stm32f407xx.o
DMA2_Stream7_IRQHandler                           Drivers\CMSIS\Device\ST\STM32F4xx\Source\Templates\gcc\startup_stm32f407xx.o
DebugMon_Handler                                  Drivers\CMSIS\Device\ST\STM32F4xx\Source\Templates\gcc\startup_stm32f407xx.o
Default_Handler                                   Drivers\CMSIS\Device\ST\STM32F4xx\Source\Templates\gcc\startup_stm32f407xx.o
ETH_IRQHandler                                    Drivers\CMSIS\Device\ST\STM32F4xx\Source\Templates\gcc\startup_stm32f407xx.o
ETH_WKUP_IRQHandler                               Drivers\CMSIS\Device\ST\STM32F4xx\Source\Templates\gcc\startup_stm32f407xx.o
EXTI0_IRQHandler                                  Drivers\CMSIS\Device\ST\STM32F4xx\Source\Templates\gcc\startup_stm32f407xx.o
EXTI15_10_IRQHandler                              Drivers\CMSIS\Device\ST\STM32F4xx\Source\Templates\gcc\startup_stm32f407xx.o
EXTI1_IRQHandler                                  Drivers\CMSIS\Device\ST\STM32F4xx\Source\Templates\gcc\startup_stm32f407xx.o
EXTI2_IRQHandler                                  Drivers\CMSIS\Device\ST\STM32F4xx\Source\Templates\gcc\startup_stm32f407xx.o
EXTI3_IRQHandler                                  Drivers\CMSIS\Device\ST\STM32F4xx\Source\Templates\gcc\startup_stm32f407xx.o
EXTI4_IRQHandler                                  Drivers\CMSIS\Device\ST\STM32F4xx\Source\Templates\gcc\startup_stm32f407xx.o
EXTI9_5_IRQHandler                                Drivers\CMSIS\Device\ST\STM32F4xx\Source\Templates\gcc\startup_stm32f407xx.o
Error_Handler                                     Src\main.o
FLASH_Erase_Sector                                Drivers\STM32F4xx_HAL_Driver\Src\stm32f4xx_hal_flash_ex.o
                                                  Drivers\STM32F4xx_HAL_Driver\Src\stm32f4xx_hal_flash.o
FLASH_FlushCaches                                 Drivers\STM32F4xx_HAL_Driver\Src\stm32f4xx_hal_flash_ex.o
                                                  Drivers\STM32F4xx_HAL_Driver\Src\stm32f4xx_hal_flash.o
FLASH_IRQHandler                                  Drivers\CMSIS\Device\ST\STM32F4xx\Source\Templates\gcc\startup_stm32f407xx.o
FLASH_WaitForLastOperation                        Drivers\STM32F4xx_HAL_Driver\Src\stm32f4xx_hal_flash.o
                                                  Drivers\STM32F4xx_HAL_Driver\Src\stm32f4xx_hal_flash_ex.o
FPU_IRQHandler                                    Drivers\CMSIS\Device\ST\STM32F4xx\Source\Templates\gcc\startup_stm32f407xx.o
FSMC_IRQHandler                                   Drivers\CMSIS\Device\ST\STM32F4xx\Source\Templates\gcc\startup_stm32f407xx.o
HAL_DBGMCU_DisableDBGSleepMode                    Drivers\STM32F4xx_HAL_Driver\Src\stm32f4xx_hal.o
HAL_DBGMCU_DisableDBGStandbyMode                  Drivers\STM32F4xx_HAL_Driver\Src\stm32f4xx_hal.o
HAL_DBGMCU_DisableDBGStopMode                     Drivers\STM32F4xx_HAL_Driver\Src\stm32f4xx_hal.o
HAL_DBGMCU_EnableDBGSleepMode                     Drivers\STM32F4xx_HAL_Driver\Src\stm32f4xx_hal.o
HAL_DBGMCU_EnableDBGStandbyMode                   Drivers\STM32F4xx_HAL_Driver\Src\stm32f4xx_hal.o
HAL_DBGMCU_EnableDBGStopMode                      Drivers\STM32F4xx_HAL_Driver\Src\stm32f4xx_hal.o
HAL_DMAEx_ChangeMemory                            Drivers\STM32F4xx_HAL_Driver\Src\stm32f4xx_hal_dma_ex.o
HAL_DMAEx_MultiBufferStart                        Drivers\STM32F4xx_HAL_Driver\Src\stm32f4xx_hal_dma_ex.o
HAL_DMAEx_MultiBufferStart_IT                     Drivers\STM32F4xx_HAL_Driver\Src\stm32f4xx_hal_dma_ex.o
HAL_DMA_Abort                                     Drivers\STM32F4xx_HAL_Driver\Src\stm32f4xx_hal_dma.o
                                                  Drivers\STM32F4xx_HAL_Driver\Src\stm32f4xx_hal_tim.o
HAL_DMA_Abort_IT                                  Drivers\STM32F4xx_HAL_Driver\Src\stm32f4xx_hal_dma.o
HAL_DMA_DeInit                                    Drivers\STM32F4xx_HAL_Driver\Src\stm32f4xx_hal_dma.o
HAL_DMA_GetError                                  Drivers\STM32F4xx_HAL_Driver\Src\stm32f4xx_hal_dma.o
HAL_DMA_GetState                                  Drivers\STM32F4xx_HAL_Driver\Src\stm32f4xx_hal_dma.o
HAL_DMA_IRQHandler                                Drivers\STM32F4xx_HAL_Driver\Src\stm32f4xx_hal_dma.o
HAL_DMA_Init                                      Drivers\STM32F4xx_HAL_Driver\Src\stm32f4xx_hal_dma.o
HAL_DMA_PollForTransfer                           Drivers\STM32F4xx_HAL_Driver\Src\stm32f4xx_hal_dma.o
HAL_DMA_RegisterCallback                          Drivers\STM32F4xx_HAL_Driver\Src\stm32f4xx_hal_dma.o
HAL_DMA_Start                                     Drivers\STM32F4xx_HAL_Driver\Src\stm32f4xx_hal_dma.o
HAL_DMA_Start_IT                                  Drivers\STM32F4xx_HAL_Driver\Src\stm32f4xx_hal_dma.o
                                                  Drivers\STM32F4xx_HAL_Driver\Src\stm32f4xx_hal_tim.o
                                                  Drivers\STM32F4xx_HAL_Driver\Src\stm32f4xx_hal_tim_ex.o
HAL_DMA_UnRegisterCallback                        Drivers\STM32F4xx_HAL_Driver\Src\stm32f4xx_hal_dma.o
HAL_DeInit                                        Drivers\STM32F4xx_HAL_Driver\Src\stm32f4xx_hal.o
HAL_Delay                                         Drivers\STM32F4xx_HAL_Driver\Src\stm32f4xx_hal.o
HAL_DisableCompensationCell                       Drivers\STM32F4xx_HAL_Driver\Src\stm32f4xx_hal.o
HAL_EnableCompensationCell                        Drivers\STM32F4xx_HAL_Driver\Src\stm32f4xx_hal.o
HAL_FLASHEx_Erase                                 Drivers\STM32F4xx_HAL_Driver\Src\stm32f4xx_hal_flash_ex.o
HAL_FLASHEx_Erase_IT                              Drivers\STM32F4xx_HAL_Driver\Src\stm32f4xx_hal_flash_ex.o
HAL_FLASHEx_OBGetConfig                           Drivers\STM32F4xx_HAL_Driver\Src\stm32f4xx_hal_flash_ex.o
HAL_FLASHEx_OBProgram                             Drivers\STM32F4xx_HAL_Driver\Src\stm32f4xx_hal_flash_ex.o
HAL_FLASH_EndOfOperationCallback                  Drivers\STM32F4xx_HAL_Driver\Src\stm32f4xx_hal_flash.o
HAL_FLASH_GetError                                Drivers\STM32F4xx_HAL_Driver\Src\stm32f4xx_hal_flash.o
HAL_FLASH_IRQHandler                              Drivers\STM32F4xx_HAL_Driver\Src\stm32f4xx_hal_flash.o
HAL_FLASH_Lock                                    Drivers\STM32F4xx_HAL_Driver\Src\stm32f4xx_hal_flash.o
HAL_FLASH_OB_Launch                               Drivers\STM32F4xx_HAL_Driver\Src\stm32f4xx_hal_flash.o
HAL_FLASH_OB_Lock                                 Drivers\STM32F4xx_HAL_Driver\Src\stm32f4xx_hal_flash.o
HAL_FLASH_OB_Unlock                               Drivers\STM32F4xx_HAL_Driver\Src\stm32f4xx_hal_flash.o
HAL_FLASH_OperationErrorCallback                  Drivers\STM32F4xx_HAL_Driver\Src\stm32f4xx_hal_flash.o
HAL_FLASH_Program                                 Drivers\STM32F4xx_HAL_Driver\Src\stm32f4xx_hal_flash.o
HAL_FLASH_Program_IT                              Drivers\STM32F4xx_HAL_Driver\Src\stm32f4xx_hal_flash.o
HAL_FLASH_Unlock                                  Drivers\STM32F4xx_HAL_Driver\Src\stm32f4xx_hal_flash.o
HAL_GPIO_DeInit                                   Drivers\STM32F4xx_HAL_Driver\Src\stm32f4xx_hal_gpio.o
HAL_GPIO_EXTI_Callback                            Drivers\STM32F4xx_HAL_Driver\Src\stm32f4xx_hal_gpio.o
HAL_GPIO_EXTI_IRQHandler                          Drivers\STM32F4xx_HAL_Driver\Src\stm32f4xx_hal_gpio.o
HAL_GPIO_Init                                     Drivers\STM32F4xx_HAL_Driver\Src\stm32f4xx_hal_gpio.o
                                                  Drivers\STM32F4xx_HAL_Driver\Src\stm32f4xx_hal_rcc.o
                                                  Src\main.o
HAL_GPIO_LockPin                                  Drivers\STM32F4xx_HAL_Driver\Src\stm32f4xx_hal_gpio.o
HAL_GPIO_ReadPin                                  Drivers\STM32F4xx_HAL_Driver\Src\stm32f4xx_hal_gpio.o
HAL_GPIO_TogglePin                                Drivers\STM32F4xx_HAL_Driver\Src\stm32f4xx_hal_gpio.o
HAL_GPIO_WritePin                                 Drivers\STM32F4xx_HAL_Driver\Src\stm32f4xx_hal_gpio.o
                                                  Src\main.o
HAL_GetDEVID                                      Drivers\STM32F4xx_HAL_Driver\Src\stm32f4xx_hal.o
HAL_GetHalVersion                                 Drivers\STM32F4xx_HAL_Driver\Src\stm32f4xx_hal.o
HAL_GetREVID                                      Drivers\STM32F4xx_HAL_Driver\Src\stm32f4xx_hal.o
HAL_GetTick                                       Drivers\STM32F4xx_HAL_Driver\Src\stm32f4xx_hal.o
                                                  Drivers\STM32F4xx_HAL_Driver\Src\stm32f4xx_hal_dma.o
                                                  Drivers\STM32F4xx_HAL_Driver\Src\stm32f4xx_hal_flash.o
                                                  Drivers\STM32F4xx_HAL_Driver\Src\stm32f4xx_hal_pwr_ex.o
                                                  Drivers\STM32F4xx_HAL_Driver\Src\stm32f4xx_hal_rcc.o
                                                  Drivers\STM32F4xx_HAL_Driver\Src\stm32f4xx_hal_rcc_ex.o
HAL_IncTick                                       Drivers\STM32F4xx_HAL_Driver\Src\stm32f4xx_hal.o
                                                  Src\main.o
HAL_Init                                          Drivers\STM32F4xx_HAL_Driver\Src\stm32f4xx_hal.o
                                                  Src\main.o
HAL_InitTick                                      Src\Commons\stm32f4xx_hal_timebase_TIM.o
                                                  Drivers\STM32F4xx_HAL_Driver\Src\stm32f4xx_hal_rcc.o
HAL_MPU_ConfigRegion                              Drivers\STM32F4xx_HAL_Driver\Src\stm32f4xx_hal_cortex.o
HAL_MspDeInit                                     Drivers\STM32F4xx_HAL_Driver\Src\stm32f4xx_hal.o
HAL_MspInit                                       Src\Commons\stm32f4xx_hal_msp.o
HAL_NVIC_ClearPendingIRQ                          Drivers\STM32F4xx_HAL_Driver\Src\stm32f4xx_hal_cortex.o
HAL_NVIC_DisableIRQ                               Drivers\STM32F4xx_HAL_Driver\Src\stm32f4xx_hal_cortex.o
HAL_NVIC_EnableIRQ                                Drivers\STM32F4xx_HAL_Driver\Src\stm32f4xx_hal_cortex.o
                                                  Src\Commons\stm32f4xx_hal_timebase_TIM.o
HAL_NVIC_GetActive                                Drivers\STM32F4xx_HAL_Driver\Src\stm32f4xx_hal_cortex.o
HAL_NVIC_GetPendingIRQ                            Drivers\STM32F4xx_HAL_Driver\Src\stm32f4xx_hal_cortex.o
HAL_NVIC_GetPriority                              Drivers\STM32F4xx_HAL_Driver\Src\stm32f4xx_hal_cortex.o
HAL_NVIC_GetPriorityGrouping                      Drivers\STM32F4xx_HAL_Driver\Src\stm32f4xx_hal_cortex.o
HAL_NVIC_SetPendingIRQ                            Drivers\STM32F4xx_HAL_Driver\Src\stm32f4xx_hal_cortex.o
HAL_NVIC_SetPriority                              Drivers\STM32F4xx_HAL_Driver\Src\stm32f4xx_hal_cortex.o
                                                  Drivers\STM32F4xx_HAL_Driver\Src\stm32f4xx_hal.o
                                                  Src\Commons\stm32f4xx_hal_msp.o
                                                  Src\Commons\stm32f4xx_hal_timebase_TIM.o
                                                  Src\main.o
HAL_NVIC_SetPriorityGrouping                      Drivers\STM32F4xx_HAL_Driver\Src\stm32f4xx_hal_cortex.o
                                                  Drivers\STM32F4xx_HAL_Driver\Src\stm32f4xx_hal.o
                                                  Src\Commons\stm32f4xx_hal_msp.o
HAL_NVIC_SystemReset                              Drivers\STM32F4xx_HAL_Driver\Src\stm32f4xx_hal_cortex.o
HAL_PWREx_ControlVoltageScaling                   Drivers\STM32F4xx_HAL_Driver\Src\stm32f4xx_hal_pwr_ex.o
HAL_PWREx_DisableBkUpReg                          Drivers\STM32F4xx_HAL_Driver\Src\stm32f4xx_hal_pwr_ex.o
HAL_PWREx_DisableFlashPowerDown                   Drivers\STM32F4xx_HAL_Driver\Src\stm32f4xx_hal_pwr_ex.o
HAL_PWREx_EnableBkUpReg                           Drivers\STM32F4xx_HAL_Driver\Src\stm32f4xx_hal_pwr_ex.o
HAL_PWREx_EnableFlashPowerDown                    Drivers\STM32F4xx_HAL_Driver\Src\stm32f4xx_hal_pwr_ex.o
HAL_PWREx_GetVoltageRange                         Drivers\STM32F4xx_HAL_Driver\Src\stm32f4xx_hal_pwr_ex.o
HAL_PWR_ConfigPVD                                 Drivers\STM32F4xx_HAL_Driver\Src\stm32f4xx_hal_pwr.o
HAL_PWR_DeInit                                    Drivers\STM32F4xx_HAL_Driver\Src\stm32f4xx_hal_pwr.o
HAL_PWR_DisableBkUpAccess                         Drivers\STM32F4xx_HAL_Driver\Src\stm32f4xx_hal_pwr.o
HAL_PWR_DisablePVD                                Drivers\STM32F4xx_HAL_Driver\Src\stm32f4xx_hal_pwr.o
HAL_PWR_DisableSEVOnPend                          Drivers\STM32F4xx_HAL_Driver\Src\stm32f4xx_hal_pwr.o
HAL_PWR_DisableSleepOnExit                        Drivers\STM32F4xx_HAL_Driver\Src\stm32f4xx_hal_pwr.o
HAL_PWR_DisableWakeUpPin                          Drivers\STM32F4xx_HAL_Driver\Src\stm32f4xx_hal_pwr.o
HAL_PWR_EnableBkUpAccess                          Drivers\STM32F4xx_HAL_Driver\Src\stm32f4xx_hal_pwr.o
HAL_PWR_EnablePVD                                 Drivers\STM32F4xx_HAL_Driver\Src\stm32f4xx_hal_pwr.o
HAL_PWR_EnableSEVOnPend                           Drivers\STM32F4xx_HAL_Driver\Src\stm32f4xx_hal_pwr.o
HAL_PWR_EnableSleepOnExit                         Drivers\STM32F4xx_HAL_Driver\Src\stm32f4xx_hal_pwr.o
HAL_PWR_EnableWakeUpPin                           Drivers\STM32F4xx_HAL_Driver\Src\stm32f4xx_hal_pwr.o
HAL_PWR_EnterSLEEPMode                            Drivers\STM32F4xx_HAL_Driver\Src\stm32f4xx_hal_pwr.o
HAL_PWR_EnterSTANDBYMode                          Drivers\STM32F4xx_HAL_Driver\Src\stm32f4xx_hal_pwr.o
HAL_PWR_EnterSTOPMode                             Drivers\STM32F4xx_HAL_Driver\Src\stm32f4xx_hal_pwr.o
HAL_PWR_PVDCallback                               Drivers\STM32F4xx_HAL_Driver\Src\stm32f4xx_hal_pwr.o
HAL_PWR_PVD_IRQHandler                            Drivers\STM32F4xx_HAL_Driver\Src\stm32f4xx_hal_pwr.o
HAL_RCCEx_GetPeriphCLKConfig                      Drivers\STM32F4xx_HAL_Driver\Src\stm32f4xx_hal_rcc_ex.o
HAL_RCCEx_PeriphCLKConfig                         Drivers\STM32F4xx_HAL_Driver\Src\stm32f4xx_hal_rcc_ex.o
HAL_RCC_CSSCallback                               Drivers\STM32F4xx_HAL_Driver\Src\stm32f4xx_hal_rcc.o
HAL_RCC_ClockConfig                               Drivers\STM32F4xx_HAL_Driver\Src\stm32f4xx_hal_rcc.o
                                                  Src\main.o
HAL_RCC_DeInit                                    Drivers\STM32F4xx_HAL_Driver\Src\stm32f4xx_hal_rcc_ex.o
HAL_RCC_DisableCSS                                Drivers\STM32F4xx_HAL_Driver\Src\stm32f4xx_hal_rcc.o
HAL_RCC_EnableCSS                                 Drivers\STM32F4xx_HAL_Driver\Src\stm32f4xx_hal_rcc.o
HAL_RCC_GetClockConfig                            Drivers\STM32F4xx_HAL_Driver\Src\stm32f4xx_hal_rcc.o
                                                  Src\Commons\stm32f4xx_hal_timebase_TIM.o
HAL_RCC_GetHCLKFreq                               Drivers\STM32F4xx_HAL_Driver\Src\stm32f4xx_hal_rcc.o
                                                  Src\main.o
HAL_RCC_GetOscConfig                              Drivers\STM32F4xx_HAL_Driver\Src\stm32f4xx_hal_rcc.o
HAL_RCC_GetPCLK1Freq                              Drivers\STM32F4xx_HAL_Driver\Src\stm32f4xx_hal_rcc.o
HAL_RCC_GetPCLK2Freq                              Drivers\STM32F4xx_HAL_Driver\Src\stm32f4xx_hal_rcc.o
                                                  Src\Commons\stm32f4xx_hal_timebase_TIM.o
HAL_RCC_GetSysClockFreq                           Drivers\STM32F4xx_HAL_Driver\Src\stm32f4xx_hal_rcc.o
HAL_RCC_MCOConfig                                 Drivers\STM32F4xx_HAL_Driver\Src\stm32f4xx_hal_rcc.o
HAL_RCC_NMI_IRQHandler                            Drivers\STM32F4xx_HAL_Driver\Src\stm32f4xx_hal_rcc.o
HAL_RCC_OscConfig                                 Drivers\STM32F4xx_HAL_Driver\Src\stm32f4xx_hal_rcc.o
                                                  Src\main.o
HAL_ResumeTick                                    Src\Commons\stm32f4xx_hal_timebase_TIM.o
HAL_SYSTICK_CLKSourceConfig                       Drivers\STM32F4xx_HAL_Driver\Src\stm32f4xx_hal_cortex.o
                                                  Src\main.o
HAL_SYSTICK_Callback                              Drivers\STM32F4xx_HAL_Driver\Src\stm32f4xx_hal_cortex.o
HAL_SYSTICK_Config                                Drivers\STM32F4xx_HAL_Driver\Src\stm32f4xx_hal_cortex.o
                                                  Drivers\STM32F4xx_HAL_Driver\Src\stm32f4xx_hal.o
                                                  Src\main.o
HAL_SYSTICK_IRQHandler                            Drivers\STM32F4xx_HAL_Driver\Src\stm32f4xx_hal_cortex.o
HAL_SuspendTick                                   Src\Commons\stm32f4xx_hal_timebase_TIM.o
HAL_TIMEx_BreakCallback                           Drivers\STM32F4xx_HAL_Driver\Src\stm32f4xx_hal_tim_ex.o
                                                  Drivers\STM32F4xx_HAL_Driver\Src\stm32f4xx_hal_tim.o
HAL_TIMEx_CommutationCallback                     Drivers\STM32F4xx_HAL_Driver\Src\stm32f4xx_hal_tim_ex.o
                                                  Drivers\STM32F4xx_HAL_Driver\Src\stm32f4xx_hal_tim.o
HAL_TIMEx_ConfigBreakDeadTime                     Drivers\STM32F4xx_HAL_Driver\Src\stm32f4xx_hal_tim_ex.o
HAL_TIMEx_ConfigCommutationEvent                  Drivers\STM32F4xx_HAL_Driver\Src\stm32f4xx_hal_tim_ex.o
HAL_TIMEx_ConfigCommutationEvent_DMA              Drivers\STM32F4xx_HAL_Driver\Src\stm32f4xx_hal_tim_ex.o
HAL_TIMEx_ConfigCommutationEvent_IT               Drivers\STM32F4xx_HAL_Driver\Src\stm32f4xx_hal_tim_ex.o
HAL_TIMEx_HallSensor_DeInit                       Drivers\STM32F4xx_HAL_Driver\Src\stm32f4xx_hal_tim_ex.o
HAL_TIMEx_HallSensor_GetState                     Drivers\STM32F4xx_HAL_Driver\Src\stm32f4xx_hal_tim_ex.o
HAL_TIMEx_HallSensor_Init                         Drivers\STM32F4xx_HAL_Driver\Src\stm32f4xx_hal_tim_ex.o
HAL_TIMEx_HallSensor_MspDeInit                    Drivers\STM32F4xx_HAL_Driver\Src\stm32f4xx_hal_tim_ex.o
HAL_TIMEx_HallSensor_MspInit                      Drivers\STM32F4xx_HAL_Driver\Src\stm32f4xx_hal_tim_ex.o
HAL_TIMEx_HallSensor_Start                        Drivers\STM32F4xx_HAL_Driver\Src\stm32f4xx_hal_tim_ex.o
HAL_TIMEx_HallSensor_Start_DMA                    Drivers\STM32F4xx_HAL_Driver\Src\stm32f4xx_hal_tim_ex.o
HAL_TIMEx_HallSensor_Start_IT                     Drivers\STM32F4xx_HAL_Driver\Src\stm32f4xx_hal_tim_ex.o
HAL_TIMEx_HallSensor_Stop                         Drivers\STM32F4xx_HAL_Driver\Src\stm32f4xx_hal_tim_ex.o
HAL_TIMEx_HallSensor_Stop_DMA                     Drivers\STM32F4xx_HAL_Driver\Src\stm32f4xx_hal_tim_ex.o
HAL_TIMEx_HallSensor_Stop_IT                      Drivers\STM32F4xx_HAL_Driver\Src\stm32f4xx_hal_tim_ex.o
HAL_TIMEx_MasterConfigSynchronization             Drivers\STM32F4xx_HAL_Driver\Src\stm32f4xx_hal_tim_ex.o
HAL_TIMEx_OCN_Start                               Drivers\STM32F4xx_HAL_Driver\Src\stm32f4xx_hal_tim_ex.o
HAL_TIMEx_OCN_Start_DMA                           Drivers\STM32F4xx_HAL_Driver\Src\stm32f4xx_hal_tim_ex.o
HAL_TIMEx_OCN_Start_IT                            Drivers\STM32F4xx_HAL_Driver\Src\stm32f4xx_hal_tim_ex.o
HAL_TIMEx_OCN_Stop                                Drivers\STM32F4xx_HAL_Driver\Src\stm32f4xx_hal_tim_ex.o
HAL_TIMEx_OCN_Stop_DMA                            Drivers\STM32F4xx_HAL_Driver\Src\stm32f4xx_hal_tim_ex.o
HAL_TIMEx_OCN_Stop_IT                             Drivers\STM32F4xx_HAL_Driver\Src\stm32f4xx_hal_tim_ex.o
HAL_TIMEx_OnePulseN_Start                         Drivers\STM32F4xx_HAL_Driver\Src\stm32f4xx_hal_tim_ex.o
HAL_TIMEx_OnePulseN_Start_IT                      Drivers\STM32F4xx_HAL_Driver\Src\stm32f4xx_hal_tim_ex.o
HAL_TIMEx_OnePulseN_Stop                          Drivers\STM32F4xx_HAL_Driver\Src\stm32f4xx_hal_tim_ex.o
HAL_TIMEx_OnePulseN_Stop_IT                       Drivers\STM32F4xx_HAL_Driver\Src\stm32f4xx_hal_tim_ex.o
HAL_TIMEx_PWMN_Start                              Drivers\STM32F4xx_HAL_Driver\Src\stm32f4xx_hal_tim_ex.o
HAL_TIMEx_PWMN_Start_DMA                          Drivers\STM32F4xx_HAL_Driver\Src\stm32f4xx_hal_tim_ex.o
HAL_TIMEx_PWMN_Start_IT                           Drivers\STM32F4xx_HAL_Driver\Src\stm32f4xx_hal_tim_ex.o
HAL_TIMEx_PWMN_Stop                               Drivers\STM32F4xx_HAL_Driver\Src\stm32f4xx_hal_tim_ex.o
HAL_TIMEx_PWMN_Stop_DMA                           Drivers\STM32F4xx_HAL_Driver\Src\stm32f4xx_hal_tim_ex.o
HAL_TIMEx_PWMN_Stop_IT                            Drivers\STM32F4xx_HAL_Driver\Src\stm32f4xx_hal_tim_ex.o
HAL_TIMEx_RemapConfig                             Drivers\STM32F4xx_HAL_Driver\Src\stm32f4xx_hal_tim_ex.o
HAL_TIM_Base_DeInit                               Drivers\STM32F4xx_HAL_Driver\Src\stm32f4xx_hal_tim.o
HAL_TIM_Base_GetState                             Drivers\STM32F4xx_HAL_Driver\Src\stm32f4xx_hal_tim.o
HAL_TIM_Base_Init                                 Drivers\STM32F4xx_HAL_Driver\Src\stm32f4xx_hal_tim.o
                                                  Src\Commons\stm32f4xx_hal_timebase_TIM.o
HAL_TIM_Base_MspDeInit                            Drivers\STM32F4xx_HAL_Driver\Src\stm32f4xx_hal_tim.o
HAL_TIM_Base_MspInit                              Drivers\STM32F4xx_HAL_Driver\Src\stm32f4xx_hal_tim.o
HAL_TIM_Base_Start                                Drivers\STM32F4xx_HAL_Driver\Src\stm32f4xx_hal_tim.o
HAL_TIM_Base_Start_DMA                            Drivers\STM32F4xx_HAL_Driver\Src\stm32f4xx_hal_tim.o
HAL_TIM_Base_Start_IT                             Drivers\STM32F4xx_HAL_Driver\Src\stm32f4xx_hal_tim.o
                                                  Src\Commons\stm32f4xx_hal_timebase_TIM.o
HAL_TIM_Base_Stop                                 Drivers\STM32F4xx_HAL_Driver\Src\stm32f4xx_hal_tim.o
HAL_TIM_Base_Stop_DMA                             Drivers\STM32F4xx_HAL_Driver\Src\stm32f4xx_hal_tim.o
HAL_TIM_Base_Stop_IT                              Drivers\STM32F4xx_HAL_Driver\Src\stm32f4xx_hal_tim.o
HAL_TIM_ConfigClockSource                         Drivers\STM32F4xx_HAL_Driver\Src\stm32f4xx_hal_tim.o
HAL_TIM_ConfigOCrefClear                          Drivers\STM32F4xx_HAL_Driver\Src\stm32f4xx_hal_tim.o
HAL_TIM_ConfigTI1Input                            Drivers\STM32F4xx_HAL_Driver\Src\stm32f4xx_hal_tim.o
HAL_TIM_DMABurst_ReadStart                        Drivers\STM32F4xx_HAL_Driver\Src\stm32f4xx_hal_tim.o
HAL_TIM_DMABurst_ReadStop                         Drivers\STM32F4xx_HAL_Driver\Src\stm32f4xx_hal_tim.o
HAL_TIM_DMABurst_WriteStart                       Drivers\STM32F4xx_HAL_Driver\Src\stm32f4xx_hal_tim.o
HAL_TIM_DMABurst_WriteStop                        Drivers\STM32F4xx_HAL_Driver\Src\stm32f4xx_hal_tim.o
HAL_TIM_Encoder_DeInit                            Drivers\STM32F4xx_HAL_Driver\Src\stm32f4xx_hal_tim.o
HAL_TIM_Encoder_GetState                          Drivers\STM32F4xx_HAL_Driver\Src\stm32f4xx_hal_tim.o
HAL_TIM_Encoder_Init                              Drivers\STM32F4xx_HAL_Driver\Src\stm32f4xx_hal_tim.o
HAL_TIM_Encoder_MspDeInit                         Drivers\STM32F4xx_HAL_Driver\Src\stm32f4xx_hal_tim.o
HAL_TIM_Encoder_MspInit                           Drivers\STM32F4xx_HAL_Driver\Src\stm32f4xx_hal_tim.o
HAL_TIM_Encoder_Start                             Drivers\STM32F4xx_HAL_Driver\Src\stm32f4xx_hal_tim.o
HAL_TIM_Encoder_Start_DMA                         Drivers\STM32F4xx_HAL_Driver\Src\stm32f4xx_hal_tim.o
HAL_TIM_Encoder_Start_IT                          Drivers\STM32F4xx_HAL_Driver\Src\stm32f4xx_hal_tim.o
HAL_TIM_Encoder_Stop                              Drivers\STM32F4xx_HAL_Driver\Src\stm32f4xx_hal_tim.o
HAL_TIM_Encoder_Stop_DMA                          Drivers\STM32F4xx_HAL_Driver\Src\stm32f4xx_hal_tim.o
HAL_TIM_Encoder_Stop_IT                           Drivers\STM32F4xx_HAL_Driver\Src\stm32f4xx_hal_tim.o
HAL_TIM_ErrorCallback                             Drivers\STM32F4xx_HAL_Driver\Src\stm32f4xx_hal_tim.o
HAL_TIM_GenerateEvent                             Drivers\STM32F4xx_HAL_Driver\Src\stm32f4xx_hal_tim.o
HAL_TIM_IC_CaptureCallback                        Drivers\STM32F4xx_HAL_Driver\Src\stm32f4xx_hal_tim.o
HAL_TIM_IC_ConfigChannel                          Drivers\STM32F4xx_HAL_Driver\Src\stm32f4xx_hal_tim.o
HAL_TIM_IC_DeInit                                 Drivers\STM32F4xx_HAL_Driver\Src\stm32f4xx_hal_tim.o
HAL_TIM_IC_GetState                               Drivers\STM32F4xx_HAL_Driver\Src\stm32f4xx_hal_tim.o
HAL_TIM_IC_Init                                   Drivers\STM32F4xx_HAL_Driver\Src\stm32f4xx_hal_tim.o
HAL_TIM_IC_MspDeInit                              Drivers\STM32F4xx_HAL_Driver\Src\stm32f4xx_hal_tim.o
HAL_TIM_IC_MspInit                                Drivers\STM32F4xx_HAL_Driver\Src\stm32f4xx_hal_tim.o
HAL_TIM_IC_Start                                  Drivers\STM32F4xx_HAL_Driver\Src\stm32f4xx_hal_tim.o
HAL_TIM_IC_Start_DMA                              Drivers\STM32F4xx_HAL_Driver\Src\stm32f4xx_hal_tim.o
HAL_TIM_IC_Start_IT                               Drivers\STM32F4xx_HAL_Driver\Src\stm32f4xx_hal_tim.o
HAL_TIM_IC_Stop                                   Drivers\STM32F4xx_HAL_Driver\Src\stm32f4xx_hal_tim.o
HAL_TIM_IC_Stop_DMA                               Drivers\STM32F4xx_HAL_Driver\Src\stm32f4xx_hal_tim.o
HAL_TIM_IC_Stop_IT                                Drivers\STM32F4xx_HAL_Driver\Src\stm32f4xx_hal_tim.o
HAL_TIM_IRQHandler                                Drivers\STM32F4xx_HAL_Driver\Src\stm32f4xx_hal_tim.o
                                                  Src\Commons\stm32f4xx_it.o
HAL_TIM_OC_ConfigChannel                          Drivers\STM32F4xx_HAL_Driver\Src\stm32f4xx_hal_tim.o
HAL_TIM_OC_DeInit                                 Drivers\STM32F4xx_HAL_Driver\Src\stm32f4xx_hal_tim.o
HAL_TIM_OC_DelayElapsedCallback                   Drivers\STM32F4xx_HAL_Driver\Src\stm32f4xx_hal_tim.o
HAL_TIM_OC_GetState                               Drivers\STM32F4xx_HAL_Driver\Src\stm32f4xx_hal_tim.o
HAL_TIM_OC_Init                                   Drivers\STM32F4xx_HAL_Driver\Src\stm32f4xx_hal_tim.o
HAL_TIM_OC_MspDeInit                              Drivers\STM32F4xx_HAL_Driver\Src\stm32f4xx_hal_tim.o
HAL_TIM_OC_MspInit                                Drivers\STM32F4xx_HAL_Driver\Src\stm32f4xx_hal_tim.o
HAL_TIM_OC_Start                                  Drivers\STM32F4xx_HAL_Driver\Src\stm32f4xx_hal_tim.o
HAL_TIM_OC_Start_DMA                              Drivers\STM32F4xx_HAL_Driver\Src\stm32f4xx_hal_tim.o
HAL_TIM_OC_Start_IT                               Drivers\STM32F4xx_HAL_Driver\Src\stm32f4xx_hal_tim.o
HAL_TIM_OC_Stop                                   Drivers\STM32F4xx_HAL_Driver\Src\stm32f4xx_hal_tim.o
HAL_TIM_OC_Stop_DMA                               Drivers\STM32F4xx_HAL_Driver\Src\stm32f4xx_hal_tim.o
HAL_TIM_OC_Stop_IT                                Drivers\STM32F4xx_HAL_Driver\Src\stm32f4xx_hal_tim.o
HAL_TIM_OnePulse_ConfigChannel                    Drivers\STM32F4xx_HAL_Driver\Src\stm32f4xx_hal_tim.o
HAL_TIM_OnePulse_DeInit                           Drivers\STM32F4xx_HAL_Driver\Src\stm32f4xx_hal_tim.o
HAL_TIM_OnePulse_GetState                         Drivers\STM32F4xx_HAL_Driver\Src\stm32f4xx_hal_tim.o
HAL_TIM_OnePulse_Init                             Drivers\STM32F4xx_HAL_Driver\Src\stm32f4xx_hal_tim.o
HAL_TIM_OnePulse_MspDeInit                        Drivers\STM32F4xx_HAL_Driver\Src\stm32f4xx_hal_tim.o
HAL_TIM_OnePulse_MspInit                          Drivers\STM32F4xx_HAL_Driver\Src\stm32f4xx_hal_tim.o
HAL_TIM_OnePulse_Start                            Drivers\STM32F4xx_HAL_Driver\Src\stm32f4xx_hal_tim.o
HAL_TIM_OnePulse_Start_IT                         Drivers\STM32F4xx_HAL_Driver\Src\stm32f4xx_hal_tim.o
HAL_TIM_OnePulse_Stop                             Drivers\STM32F4xx_HAL_Driver\Src\stm32f4xx_hal_tim.o
HAL_TIM_OnePulse_Stop_IT                          Drivers\STM32F4xx_HAL_Driver\Src\stm32f4xx_hal_tim.o
HAL_TIM_PWM_ConfigChannel                         Drivers\STM32F4xx_HAL_Driver\Src\stm32f4xx_hal_tim.o
HAL_TIM_PWM_DeInit                                Drivers\STM32F4xx_HAL_Driver\Src\stm32f4xx_hal_tim.o
HAL_TIM_PWM_GetState                              Drivers\STM32F4xx_HAL_Driver\Src\stm32f4xx_hal_tim.o
HAL_TIM_PWM_Init                                  Drivers\STM32F4xx_HAL_Driver\Src\stm32f4xx_hal_tim.o
HAL_TIM_PWM_MspDeInit                             Drivers\STM32F4xx_HAL_Driver\Src\stm32f4xx_hal_tim.o
HAL_TIM_PWM_MspInit                               Drivers\STM32F4xx_HAL_Driver\Src\stm32f4xx_hal_tim.o
HAL_TIM_PWM_PulseFinishedCallback                 Drivers\STM32F4xx_HAL_Driver\Src\stm32f4xx_hal_tim.o
HAL_TIM_PWM_Start                                 Drivers\STM32F4xx_HAL_Driver\Src\stm32f4xx_hal_tim.o
HAL_TIM_PWM_Start_DMA                             Drivers\STM32F4xx_HAL_Driver\Src\stm32f4xx_hal_tim.o
HAL_TIM_PWM_Start_IT                              Drivers\STM32F4xx_HAL_Driver\Src\stm32f4xx_hal_tim.o
HAL_TIM_PWM_Stop                                  Drivers\STM32F4xx_HAL_Driver\Src\stm32f4xx_hal_tim.o
HAL_TIM_PWM_Stop_DMA                              Drivers\STM32F4xx_HAL_Driver\Src\stm32f4xx_hal_tim.o
HAL_TIM_PWM_Stop_IT                               Drivers\STM32F4xx_HAL_Driver\Src\stm32f4xx_hal_tim.o
HAL_TIM_PeriodElapsedCallback                     Src\main.o
HAL_TIM_ReadCapturedValue                         Drivers\STM32F4xx_HAL_Driver\Src\stm32f4xx_hal_tim.o
HAL_TIM_SlaveConfigSynchronization                Drivers\STM32F4xx_HAL_Driver\Src\stm32f4xx_hal_tim.o
HAL_TIM_SlaveConfigSynchronization_IT             Drivers\STM32F4xx_HAL_Driver\Src\stm32f4xx_hal_tim.o
HAL_TIM_TriggerCallback                           Drivers\STM32F4xx_HAL_Driver\Src\stm32f4xx_hal_tim.o
HASH_RNG_IRQHandler                               Drivers\CMSIS\Device\ST\STM32F4xx\Source\Templates\gcc\startup_stm32f407xx.o
HardFault_Handler                                 Drivers\CMSIS\Device\ST\STM32F4xx\Source\Templates\gcc\startup_stm32f407xx.o
I2C1_ER_IRQHandler                                Drivers\CMSIS\Device\ST\STM32F4xx\Source\Templates\gcc\startup_stm32f407xx.o
I2C1_EV_IRQHandler                                Drivers\CMSIS\Device\ST\STM32F4xx\Source\Templates\gcc\startup_stm32f407xx.o
I2C2_ER_IRQHandler                                Drivers\CMSIS\Device\ST\STM32F4xx\Source\Templates\gcc\startup_stm32f407xx.o
I2C2_EV_IRQHandler                                Drivers\CMSIS\Device\ST\STM32F4xx\Source\Templates\gcc\startup_stm32f407xx.o
I2C3_ER_IRQHandler                                Drivers\CMSIS\Device\ST\STM32F4xx\Source\Templates\gcc\startup_stm32f407xx.o
I2C3_EV_IRQHandler                                Drivers\CMSIS\Device\ST\STM32F4xx\Source\Templates\gcc\startup_stm32f407xx.o
MemManage_Handler                                 Drivers\CMSIS\Device\ST\STM32F4xx\Source\Templates\gcc\startup_stm32f407xx.o
NMI_Handler                                       Drivers\CMSIS\Device\ST\STM32F4xx\Source\Templates\gcc\startup_stm32f407xx.o
OTG_FS_IRQHandler                                 Drivers\CMSIS\Device\ST\STM32F4xx\Source\Templates\gcc\startup_stm32f407xx.o
OTG_FS_WKUP_IRQHandler                            Drivers\CMSIS\Device\ST\STM32F4xx\Source\Templates\gcc\startup_stm32f407xx.o
OTG_HS_EP1_IN_IRQHandler                          Drivers\CMSIS\Device\ST\STM32F4xx\Source\Templates\gcc\startup_stm32f407xx.o
OTG_HS_EP1_OUT_IRQHandler                         Drivers\CMSIS\Device\ST\STM32F4xx\Source\Templates\gcc\startup_stm32f407xx.o
OTG_HS_IRQHandler                                 Drivers\CMSIS\Device\ST\STM32F4xx\Source\Templates\gcc\startup_stm32f407xx.o
OTG_HS_WKUP_IRQHandler                            Drivers\CMSIS\Device\ST\STM32F4xx\Source\Templates\gcc\startup_stm32f407xx.o
PVD_IRQHandler                                    Drivers\CMSIS\Device\ST\STM32F4xx\Source\Templates\gcc\startup_stm32f407xx.o
PendSV_Handler                                    Middlewares\Third_Party\FreeRTOS\Source\portable\GCC\ARM_CM4F\port.o
RCC_IRQHandler                                    Drivers\CMSIS\Device\ST\STM32F4xx\Source\Templates\gcc\startup_stm32f407xx.o
RTC_Alarm_IRQHandler                              Drivers\CMSIS\Device\ST\STM32F4xx\Source\Templates\gcc\startup_stm32f407xx.o
RTC_WKUP_IRQHandler                               Drivers\CMSIS\Device\ST\STM32F4xx\Source\Templates\gcc\startup_stm32f407xx.o
Reset_Handler                                     Drivers\CMSIS\Device\ST\STM32F4xx\Source\Templates\gcc\startup_stm32f407xx.o
SDIO_IRQHandler                                   Drivers\CMSIS\Device\ST\STM32F4xx\Source\Templates\gcc\startup_stm32f407xx.o
SPI1_IRQHandler                                   Drivers\CMSIS\Device\ST\STM32F4xx\Source\Templates\gcc\startup_stm32f407xx.o
SPI2_IRQHandler                                   Drivers\CMSIS\Device\ST\STM32F4xx\Source\Templates\gcc\startup_stm32f407xx.o
SPI3_IRQHandler                                   Drivers\CMSIS\Device\ST\STM32F4xx\Source\Templates\gcc\startup_stm32f407xx.o
SVC_Handler                                       Middlewares\Third_Party\FreeRTOS\Source\portable\GCC\ARM_CM4F\port.o
StartDefaultTask                                  Src\main.o
SysTick_Handler                                   Src\Commons\stm32f4xx_it.o
SystemClock_Config                                Src\main.o
SystemCoreClock                                   Drivers\CMSIS\Device\ST\STM32F4xx\Source\Templates\system_stm32f4xx.o
                                                  Drivers\STM32F4xx_HAL_Driver\Src\stm32f4xx_hal.o
                                                  Drivers\STM32F4xx_HAL_Driver\Src\stm32f4xx_hal_dma.o
                                                  Drivers\STM32F4xx_HAL_Driver\Src\stm32f4xx_hal_rcc.o
                                                  Drivers\STM32F4xx_HAL_Driver\Src\stm32f4xx_hal_rcc_ex.o
                                                  Middlewares\Third_Party\FreeRTOS\Source\portable\GCC\ARM_CM4F\port.o
SystemCoreClockUpdate                             Drivers\CMSIS\Device\ST\STM32F4xx\Source\Templates\system_stm32f4xx.o
SystemInit                                        Drivers\CMSIS\Device\ST\STM32F4xx\Source\Templates\system_stm32f4xx.o
                                                  Drivers\CMSIS\Device\ST\STM32F4xx\Source\Templates\gcc\startup_stm32f407xx.o
TAMP_STAMP_IRQHandler                             Drivers\CMSIS\Device\ST\STM32F4xx\Source\Templates\gcc\startup_stm32f407xx.o
TIM1_BRK_TIM9_IRQHandler                          Drivers\CMSIS\Device\ST\STM32F4xx\Source\Templates\gcc\startup_stm32f407xx.o
TIM1_CC_IRQHandler                                Drivers\CMSIS\Device\ST\STM32F4xx\Source\Templates\gcc\startup_stm32f407xx.o
TIM1_TRG_COM_TIM11_IRQHandler                     Drivers\CMSIS\Device\ST\STM32F4xx\Source\Templates\gcc\startup_stm32f407xx.o
TIM1_UP_TIM10_IRQHandler                          Src\Commons\stm32f4xx_it.o
TIM2_IRQHandler                                   Drivers\CMSIS\Device\ST\STM32F4xx\Source\Templates\gcc\startup_stm32f407xx.o
TIM3_IRQHandler                                   Drivers\CMSIS\Device\ST\STM32F4xx\Source\Templates\gcc\startup_stm32f407xx.o
TIM4_IRQHandler                                   Drivers\CMSIS\Device\ST\STM32F4xx\Source\Templates\gcc\startup_stm32f407xx.o
TIM5_IRQHandler                                   Drivers\CMSIS\Device\ST\STM32F4xx\Source\Templates\gcc\startup_stm32f407xx.o
TIM6_DAC_IRQHandler                               Drivers\CMSIS\Device\ST\STM32F4xx\Source\Templates\gcc\startup_stm32f407xx.o
TIM7_IRQHandler                                   Drivers\CMSIS\Device\ST\STM32F4xx\Source\Templates\gcc\startup_stm32f407xx.o
TIM8_BRK_TIM12_IRQHandler                         Drivers\CMSIS\Device\ST\STM32F4xx\Source\Templates\gcc\startup_stm32f407xx.o
TIM8_CC_IRQHandler                                Drivers\CMSIS\Device\ST\STM32F4xx\Source\Templates\gcc\startup_stm32f407xx.o
TIM8_TRG_COM_TIM14_IRQHandler                     Drivers\CMSIS\Device\ST\STM32F4xx\Source\Templates\gcc\startup_stm32f407xx.o
TIM8_UP_TIM13_IRQHandler                          Drivers\CMSIS\Device\ST\STM32F4xx\Source\Templates\gcc\startup_stm32f407xx.o
TIMEx_DMACommutationCplt                          Drivers\STM32F4xx_HAL_Driver\Src\stm32f4xx_hal_tim_ex.o
                                                  Drivers\STM32F4xx_HAL_Driver\Src\stm32f4xx_hal_tim.o
TIM_Base_SetConfig                                Drivers\STM32F4xx_HAL_Driver\Src\stm32f4xx_hal_tim.o
                                                  Drivers\STM32F4xx_HAL_Driver\Src\stm32f4xx_hal_tim_ex.o
TIM_CCxChannelCmd                                 Drivers\STM32F4xx_HAL_Driver\Src\stm32f4xx_hal_tim.o
                                                  Drivers\STM32F4xx_HAL_Driver\Src\stm32f4xx_hal_tim_ex.o
TIM_DMACaptureCplt                                Drivers\STM32F4xx_HAL_Driver\Src\stm32f4xx_hal_tim.o
                                                  Drivers\STM32F4xx_HAL_Driver\Src\stm32f4xx_hal_tim_ex.o
TIM_DMADelayPulseCplt                             Drivers\STM32F4xx_HAL_Driver\Src\stm32f4xx_hal_tim.o
                                                  Drivers\STM32F4xx_HAL_Driver\Src\stm32f4xx_hal_tim_ex.o
TIM_DMAError                                      Drivers\STM32F4xx_HAL_Driver\Src\stm32f4xx_hal_tim.o
                                                  Drivers\STM32F4xx_HAL_Driver\Src\stm32f4xx_hal_tim_ex.o
TIM_OC2_SetConfig                                 Drivers\STM32F4xx_HAL_Driver\Src\stm32f4xx_hal_tim.o
                                                  Drivers\STM32F4xx_HAL_Driver\Src\stm32f4xx_hal_tim_ex.o
TIM_TI1_SetConfig                                 Drivers\STM32F4xx_HAL_Driver\Src\stm32f4xx_hal_tim.o
                                                  Drivers\STM32F4xx_HAL_Driver\Src\stm32f4xx_hal_tim_ex.o
UART4_IRQHandler                                  Drivers\CMSIS\Device\ST\STM32F4xx\Source\Templates\gcc\startup_stm32f407xx.o
UART5_IRQHandler                                  Drivers\CMSIS\Device\ST\STM32F4xx\Source\Templates\gcc\startup_stm32f407xx.o
USART1_IRQHandler                                 Drivers\CMSIS\Device\ST\STM32F4xx\Source\Templates\gcc\startup_stm32f407xx.o
USART2_IRQHandler                                 Drivers\CMSIS\Device\ST\STM32F4xx\Source\Templates\gcc\startup_stm32f407xx.o
USART3_IRQHandler                                 Drivers\CMSIS\Device\ST\STM32F4xx\Source\Templates\gcc\startup_stm32f407xx.o
USART6_IRQHandler                                 Drivers\CMSIS\Device\ST\STM32F4xx\Source\Templates\gcc\startup_stm32f407xx.o
UsageFault_Handler                                Drivers\CMSIS\Device\ST\STM32F4xx\Source\Templates\gcc\startup_stm32f407xx.o
WWDG_IRQHandler                                   Drivers\CMSIS\Device\ST\STM32F4xx\Source\Templates\gcc\startup_stm32f407xx.o
__deregister_frame_info                           c:/program files (x86)/atollic/truestudio for arm 5.4.0/armtools/bin/../lib/gcc/arm-atollic-eabi/4.8.3/armv7e-m/fpu/crtbegin.o
__dso_handle                                      c:/program files (x86)/atollic/truestudio for arm 5.4.0/armtools/bin/../lib/gcc/arm-atollic-eabi/4.8.3/armv7e-m/fpu/crtbegin.o
__init_array_end                                  c:/program files (x86)/atollic/truestudio for arm 5.4.0/armtools/bin/../lib/gcc/arm-atollic-eabi/4.8.3/../../../../arm-atollic-eabi/lib/armv7e-m/fpu\libc.a(lib_a-init.o)
__init_array_start                                c:/program files (x86)/atollic/truestudio for arm 5.4.0/armtools/bin/../lib/gcc/arm-atollic-eabi/4.8.3/../../../../arm-atollic-eabi/lib/armv7e-m/fpu\libc.a(lib_a-init.o)
__libc_init_array                                 c:/program files (x86)/atollic/truestudio for arm 5.4.0/armtools/bin/../lib/gcc/arm-atollic-eabi/4.8.3/../../../../arm-atollic-eabi/lib/armv7e-m/fpu\libc.a(lib_a-init.o)
                                                  Drivers\CMSIS\Device\ST\STM32F4xx\Source\Templates\gcc\startup_stm32f407xx.o
__preinit_array_end                               c:/program files (x86)/atollic/truestudio for arm 5.4.0/armtools/bin/../lib/gcc/arm-atollic-eabi/4.8.3/../../../../arm-atollic-eabi/lib/armv7e-m/fpu\libc.a(lib_a-init.o)
__preinit_array_start                             c:/program files (x86)/atollic/truestudio for arm 5.4.0/armtools/bin/../lib/gcc/arm-atollic-eabi/4.8.3/../../../../arm-atollic-eabi/lib/armv7e-m/fpu\libc.a(lib_a-init.o)
__register_frame_info                             c:/program files (x86)/atollic/truestudio for arm 5.4.0/armtools/bin/../lib/gcc/arm-atollic-eabi/4.8.3/armv7e-m/fpu/crtbegin.o
_ebss                                             Drivers\CMSIS\Device\ST\STM32F4xx\Source\Templates\gcc\startup_stm32f407xx.o
_edata                                            Drivers\CMSIS\Device\ST\STM32F4xx\Source\Templates\gcc\startup_stm32f407xx.o